Archive member included to satisfy reference by file (symbol)

/opt/riscv/riscv32-unknown-elf/lib/libc.a(lib_a-atexit.o)
                              /tmp/ccgHFQ9j.o (atexit)
/opt/riscv/riscv32-unknown-elf/lib/libc.a(lib_a-exit.o)
                              /tmp/ccgHFQ9j.o (exit)
/opt/riscv/riscv32-unknown-elf/lib/libc.a(lib_a-fini.o)
                              /tmp/ccgHFQ9j.o (__libc_fini_array)
/opt/riscv/riscv32-unknown-elf/lib/libc.a(lib_a-impure.o)
                              /opt/riscv/riscv32-unknown-elf/lib/libc.a(lib_a-exit.o) (_global_impure_ptr)
/opt/riscv/riscv32-unknown-elf/lib/libc.a(lib_a-init.o)
                              /tmp/ccgHFQ9j.o (__libc_init_array)
/opt/riscv/riscv32-unknown-elf/lib/libc.a(lib_a-memset.o)
                              /tmp/ccgHFQ9j.o (memset)
/opt/riscv/riscv32-unknown-elf/lib/libc.a(lib_a-puts.o)
                              /tmp/ccVNooJl.o (puts)
/opt/riscv/riscv32-unknown-elf/lib/libc.a(lib_a-reent.o)
                              /tmp/ccsfRcr0.o (errno)
/opt/riscv/riscv32-unknown-elf/lib/libc.a(lib_a-strlen.o)
                              /opt/riscv/riscv32-unknown-elf/lib/libc.a(lib_a-puts.o) (strlen)
/opt/riscv/riscv32-unknown-elf/lib/libc.a(lib_a-__atexit.o)
                              /opt/riscv/riscv32-unknown-elf/lib/libc.a(lib_a-atexit.o) (__register_exitproc)
/opt/riscv/riscv32-unknown-elf/lib/libc.a(lib_a-__call_atexit.o)
                              /opt/riscv/riscv32-unknown-elf/lib/libc.a(lib_a-exit.o) (__call_exitprocs)
/opt/riscv/riscv32-unknown-elf/lib/libc.a(lib_a-findfp.o)
                              /opt/riscv/riscv32-unknown-elf/lib/libc.a(lib_a-puts.o) (__sinit)
/opt/riscv/riscv32-unknown-elf/lib/libc.a(lib_a-freer.o)
                              /opt/riscv/riscv32-unknown-elf/lib/libc.a(lib_a-reent.o) (_free_r)
/opt/riscv/riscv32-unknown-elf/lib/libc.a(lib_a-fvwrite.o)
                              /opt/riscv/riscv32-unknown-elf/lib/libc.a(lib_a-puts.o) (__sfvwrite_r)
/opt/riscv/riscv32-unknown-elf/lib/libc.a(lib_a-fwalk.o)
                              /opt/riscv/riscv32-unknown-elf/lib/libc.a(lib_a-findfp.o) (_fwalk)
/opt/riscv/riscv32-unknown-elf/lib/libc.a(lib_a-mallocr.o)
                              /opt/riscv/riscv32-unknown-elf/lib/libc.a(lib_a-findfp.o) (_malloc_r)
/opt/riscv/riscv32-unknown-elf/lib/libc.a(lib_a-memchr.o)
                              /opt/riscv/riscv32-unknown-elf/lib/libc.a(lib_a-fvwrite.o) (memchr)
/opt/riscv/riscv32-unknown-elf/lib/libc.a(lib_a-memcpy.o)
                              /opt/riscv/riscv32-unknown-elf/lib/libc.a(lib_a-fvwrite.o) (memcpy)
/opt/riscv/riscv32-unknown-elf/lib/libc.a(lib_a-memmove.o)
                              /opt/riscv/riscv32-unknown-elf/lib/libc.a(lib_a-fvwrite.o) (memmove)
/opt/riscv/riscv32-unknown-elf/lib/libc.a(lib_a-mlock.o)
                              /opt/riscv/riscv32-unknown-elf/lib/libc.a(lib_a-freer.o) (__malloc_lock)
/opt/riscv/riscv32-unknown-elf/lib/libc.a(lib_a-reallocr.o)
                              /opt/riscv/riscv32-unknown-elf/lib/libc.a(lib_a-fvwrite.o) (_realloc_r)
/opt/riscv/riscv32-unknown-elf/lib/libc.a(lib_a-sbrkr.o)
                              /opt/riscv/riscv32-unknown-elf/lib/libc.a(lib_a-freer.o) (_sbrk_r)
/opt/riscv/riscv32-unknown-elf/lib/libc.a(lib_a-stdio.o)
                              /opt/riscv/riscv32-unknown-elf/lib/libc.a(lib_a-findfp.o) (__sread)
/opt/riscv/riscv32-unknown-elf/lib/libc.a(lib_a-writer.o)
                              /opt/riscv/riscv32-unknown-elf/lib/libc.a(lib_a-stdio.o) (_write_r)
/opt/riscv/riscv32-unknown-elf/lib/libc.a(lib_a-wsetup.o)
                              /opt/riscv/riscv32-unknown-elf/lib/libc.a(lib_a-fvwrite.o) (__swsetup_r)
/opt/riscv/riscv32-unknown-elf/lib/libc.a(lib_a-closer.o)
                              /opt/riscv/riscv32-unknown-elf/lib/libc.a(lib_a-stdio.o) (_close_r)
/opt/riscv/riscv32-unknown-elf/lib/libc.a(lib_a-fclose.o)
                              /opt/riscv/riscv32-unknown-elf/lib/libc.a(lib_a-findfp.o) (_fclose_r)
/opt/riscv/riscv32-unknown-elf/lib/libc.a(lib_a-fflush.o)
                              /opt/riscv/riscv32-unknown-elf/lib/libc.a(lib_a-fclose.o) (__sflush_r)
/opt/riscv/riscv32-unknown-elf/lib/libc.a(lib_a-lseekr.o)
                              /opt/riscv/riscv32-unknown-elf/lib/libc.a(lib_a-stdio.o) (_lseek_r)
/opt/riscv/riscv32-unknown-elf/lib/libc.a(lib_a-makebuf.o)
                              /opt/riscv/riscv32-unknown-elf/lib/libc.a(lib_a-wsetup.o) (__smakebuf_r)
/opt/riscv/riscv32-unknown-elf/lib/libc.a(lib_a-readr.o)
                              /opt/riscv/riscv32-unknown-elf/lib/libc.a(lib_a-stdio.o) (_read_r)
/opt/riscv/riscv32-unknown-elf/lib/libc.a(lib_a-fstatr.o)
                              /opt/riscv/riscv32-unknown-elf/lib/libc.a(lib_a-makebuf.o) (_fstat_r)
/opt/riscv/riscv32-unknown-elf/lib/libc.a(lib_a-isattyr.o)
                              /opt/riscv/riscv32-unknown-elf/lib/libc.a(lib_a-makebuf.o) (_isatty_r)

Allocating common symbols
Common symbol       size              file

errno               0x4               /opt/riscv/riscv32-unknown-elf/lib/libc.a(lib_a-reent.o)

Memory Configuration

Name             Origin             Length             Attributes
instrram         0x0000000000000000 0x0000000000200000 axrl
dataram          0x0000000000200000 0x0000000000040000 arwl
*default*        0x0000000000000000 0xffffffffffffffff

Linker script and memory map

LOAD /tmp/ccgHFQ9j.o
LOAD /tmp/ccDDtXaF.o
LOAD /tmp/ccsfRcr0.o
LOAD /tmp/ccVNooJl.o
LOAD /tmp/ccQEuY2G.o
LOAD /tmp/ccXUd4n2.o
LOAD /opt/riscv/riscv32-unknown-elf/lib/libc.a
LOAD /opt/riscv/riscv32-unknown-elf/lib/libm.a
LOAD /opt/riscv/lib/gcc/riscv32-unknown-elf/7.1.1/libgcc.a
                0x0000000000000400                __TEST_DATA_SIZE = 0x400
                0x0000000000000080                PROVIDE (__boot_address, 0x80)
                0x0000000000000400                __stack_size = DEFINED (__stack_size)?__stack_size:0x400
                [!provide]                        PROVIDE (__stack_size, __stack_size)
                0x0000000000000400                __heap_size = DEFINED (__heap_size)?__heap_size:0x400
                [!provide]                        PROVIDE (__executable_start, SEGMENT_START ("text-segment", 0x10000))
                0x0000000000010074                . = (SEGMENT_START ("text-segment", 0x10000) + SIZEOF_HEADERS)

.vectors        0x0000000000000000       0x80
                0x0000000000000000                PROVIDE (__vector_start, .)
 *(.vectors)
 .vectors       0x0000000000000000       0x80 /tmp/ccVNooJl.o

.init           0x0000000000000080       0x8c
 *(SORT(.init))
 *(.text.start)
 .text.start    0x0000000000000080       0x8c /tmp/ccgHFQ9j.o
                0x0000000000000080                _start
                0x000000000000010a                _init
                0x000000000000010a                _fini

.text           0x000000000000010c     0x203c
 *(.text.unlikely .text.*_unlikely .text.unlikely.*)
 *(.text.exit .text.exit.*)
 *(.text.startup .text.startup.*)
 .text.startup  0x000000000000010c        0x4 /tmp/ccDDtXaF.o
                0x000000000000010c                main
 *(.text.hot .text.hot.*)
 *(.text .stub .text.* .gnu.linkonce.t.*)
 .text          0x0000000000000110        0x0 /tmp/ccgHFQ9j.o
 .text          0x0000000000000110        0x0 /tmp/ccDDtXaF.o
 .text          0x0000000000000110      0x194 /tmp/ccsfRcr0.o
                0x0000000000000110                unimplemented_syscall
                0x000000000000012a                nanosleep
                0x0000000000000136                _access
                0x0000000000000142                _chdir
                0x000000000000014e                _chmod
                0x000000000000015a                _chown
                0x0000000000000166                close
                0x000000000000016a                _execve
                0x0000000000000174                _exit
                0x0000000000000180                _faccessat
                0x000000000000018c                _fork
                0x0000000000000196                fstat
                0x000000000000019e                _fstatat
                0x00000000000001aa                _ftime
                0x00000000000001b6                _getcwd
                0x00000000000001c2                _getpid
                0x00000000000001c6                _gettimeofday
                0x00000000000001d2                isatty
                0x00000000000001da                _kill
                0x00000000000001e4                _link
                0x00000000000001ee                lseek
                0x00000000000001f2                _lstat
                0x00000000000001fe                _open
                0x0000000000000202                _openat
                0x000000000000020e                read
                0x0000000000000212                _stat
                0x000000000000021a                _sysconf
                0x000000000000021e                _times
                0x0000000000000222                _unlink
                0x000000000000022c                _utime
                0x0000000000000238                _wait
                0x0000000000000242                write
                0x000000000000026c                _brk
                0x0000000000000274                sbrk
 .text          0x00000000000002a4        0x0 /tmp/ccVNooJl.o
 .text.vecs     0x00000000000002a4       0x8c /tmp/ccVNooJl.o
 .text          0x0000000000000330      0x1ac /tmp/ccQEuY2G.o
                0x0000000000000330                _sbst_boot
 .text          0x00000000000004dc        0x0 /tmp/ccXUd4n2.o
 .text.run_march_algorithm
                0x00000000000004dc      0x194 /tmp/ccXUd4n2.o
                0x00000000000005ec                _run_march_algorithm
 .text          0x0000000000000670        0xa /opt/riscv/riscv32-unknown-elf/lib/libc.a(lib_a-atexit.o)
                0x0000000000000670                atexit
 .text          0x000000000000067a       0x1a /opt/riscv/riscv32-unknown-elf/lib/libc.a(lib_a-exit.o)
                0x000000000000067a                exit
 .text          0x0000000000000694       0x46 /opt/riscv/riscv32-unknown-elf/lib/libc.a(lib_a-fini.o)
                0x0000000000000694                __libc_fini_array
 .text          0x00000000000006da        0x0 /opt/riscv/riscv32-unknown-elf/lib/libc.a(lib_a-impure.o)
 .text          0x00000000000006da       0x60 /opt/riscv/riscv32-unknown-elf/lib/libc.a(lib_a-init.o)
                0x00000000000006da                __libc_init_array
 .text          0x000000000000073a       0xa8 /opt/riscv/riscv32-unknown-elf/lib/libc.a(lib_a-memset.o)
                0x000000000000073a                memset
 .text          0x00000000000007e2       0x78 /opt/riscv/riscv32-unknown-elf/lib/libc.a(lib_a-puts.o)
                0x00000000000007e2                _puts_r
                0x0000000000000852                puts
 .text          0x000000000000085a       0xba /opt/riscv/riscv32-unknown-elf/lib/libc.a(lib_a-reent.o)
                0x000000000000085a                cleanup_glue
                0x000000000000087a                _reclaim_reent
 .text          0x0000000000000914       0x12 /opt/riscv/riscv32-unknown-elf/lib/libc.a(lib_a-strlen.o)
                0x0000000000000914                strlen
 .text          0x0000000000000926       0x60 /opt/riscv/riscv32-unknown-elf/lib/libc.a(lib_a-__atexit.o)
                0x0000000000000926                __register_exitproc
 .text          0x0000000000000986       0xaa /opt/riscv/riscv32-unknown-elf/lib/libc.a(lib_a-__call_atexit.o)
                0x0000000000000986                __call_exitprocs
 .text          0x0000000000000a30      0x1d2 /opt/riscv/riscv32-unknown-elf/lib/libc.a(lib_a-findfp.o)
                0x0000000000000a34                _cleanup_r
                0x0000000000000aac                __sfmoreglue
                0x0000000000000af2                _cleanup
                0x0000000000000af8                __sinit
                0x0000000000000b46                __sfp
                0x0000000000000bde                __sfp_lock_acquire
                0x0000000000000be0                __sfp_lock_release
                0x0000000000000be2                __sinit_lock_acquire
                0x0000000000000be4                __sinit_lock_release
                0x0000000000000be6                __fp_lock_all
                0x0000000000000bf4                __fp_unlock_all
 .text          0x0000000000000c02      0x256 /opt/riscv/riscv32-unknown-elf/lib/libc.a(lib_a-freer.o)
                0x0000000000000c02                _malloc_trim_r
                0x0000000000000cba                _free_r
 .text          0x0000000000000e58      0x2d8 /opt/riscv/riscv32-unknown-elf/lib/libc.a(lib_a-fvwrite.o)
                0x0000000000000e58                __sfvwrite_r
 .text          0x0000000000001130       0xce /opt/riscv/riscv32-unknown-elf/lib/libc.a(lib_a-fwalk.o)
                0x0000000000001130                _fwalk
                0x0000000000001192                _fwalk_reent
 .text          0x00000000000011fe      0x48c /opt/riscv/riscv32-unknown-elf/lib/libc.a(lib_a-mallocr.o)
                0x00000000000011fe                _malloc_r
 .text          0x000000000000168a       0x1a /opt/riscv/riscv32-unknown-elf/lib/libc.a(lib_a-memchr.o)
                0x000000000000168a                memchr
 .text          0x00000000000016a4       0xbe /opt/riscv/riscv32-unknown-elf/lib/libc.a(lib_a-memcpy.o)
                0x00000000000016a4                memcpy
 .text          0x0000000000001762       0x3e /opt/riscv/riscv32-unknown-elf/lib/libc.a(lib_a-memmove.o)
                0x0000000000001762                memmove
 .text          0x00000000000017a0        0x4 /opt/riscv/riscv32-unknown-elf/lib/libc.a(lib_a-mlock.o)
                0x00000000000017a0                __malloc_lock
                0x00000000000017a2                __malloc_unlock
 .text          0x00000000000017a4      0x390 /opt/riscv/riscv32-unknown-elf/lib/libc.a(lib_a-reallocr.o)
                0x00000000000017a4                _realloc_r
 .text          0x0000000000001b34       0x2c /opt/riscv/riscv32-unknown-elf/lib/libc.a(lib_a-sbrkr.o)
                0x0000000000001b34                _sbrk_r
 .text          0x0000000000001b60       0xbe /opt/riscv/riscv32-unknown-elf/lib/libc.a(lib_a-stdio.o)
                0x0000000000001b60                __sread
                0x0000000000001b90                __seofread
                0x0000000000001b94                __swrite
                0x0000000000001be2                __sseek
                0x0000000000001c18                __sclose
 .text          0x0000000000001c1e       0x30 /opt/riscv/riscv32-unknown-elf/lib/libc.a(lib_a-writer.o)
                0x0000000000001c1e                _write_r
 .text          0x0000000000001c4e       0xd8 /opt/riscv/riscv32-unknown-elf/lib/libc.a(lib_a-wsetup.o)
                0x0000000000001c4e                __swsetup_r
 .text          0x0000000000001d26       0x2c /opt/riscv/riscv32-unknown-elf/lib/libc.a(lib_a-closer.o)
                0x0000000000001d26                _close_r
 .text          0x0000000000001d52       0x94 /opt/riscv/riscv32-unknown-elf/lib/libc.a(lib_a-fclose.o)
                0x0000000000001d52                _fclose_r
                0x0000000000001dde                fclose
 .text          0x0000000000001de6      0x1a6 /opt/riscv/riscv32-unknown-elf/lib/libc.a(lib_a-fflush.o)
                0x0000000000001de6                __sflush_r
                0x0000000000001f42                _fflush_r
                0x0000000000001f72                fflush
 .text          0x0000000000001f8c       0x30 /opt/riscv/riscv32-unknown-elf/lib/libc.a(lib_a-lseekr.o)
                0x0000000000001f8c                _lseek_r
 .text          0x0000000000001fbc      0x102 /opt/riscv/riscv32-unknown-elf/lib/libc.a(lib_a-makebuf.o)
                0x0000000000001fbc                __swhatbuf_r
                0x0000000000002020                __smakebuf_r
 .text          0x00000000000020be       0x30 /opt/riscv/riscv32-unknown-elf/lib/libc.a(lib_a-readr.o)
                0x00000000000020be                _read_r
 .text          0x00000000000020ee       0x2e /opt/riscv/riscv32-unknown-elf/lib/libc.a(lib_a-fstatr.o)
                0x00000000000020ee                _fstat_r
 .text          0x000000000000211c       0x2c /opt/riscv/riscv32-unknown-elf/lib/libc.a(lib_a-isattyr.o)
                0x000000000000211c                _isatty_r
 *(.gnu.warning)

.fini
 *(SORT(.fini))
                [!provide]                        PROVIDE (__etext, .)
                [!provide]                        PROVIDE (_etext, .)
                [!provide]                        PROVIDE (etext, .)

.rodata         0x0000000000002148       0xdc
 *(.rodata .rodata.* .gnu.linkonce.r.*)
 .rodata.str1.4
                0x0000000000002148       0x23 /tmp/ccsfRcr0.o
 .rodata        0x000000000000216b       0xb5 /tmp/ccVNooJl.o
 .rodata.str1.4
                0x0000000000002220        0x4 /opt/riscv/riscv32-unknown-elf/lib/libc.a(lib_a-puts.o)
                                          0x2 (size before relaxing)

.rodata1
 *(.rodata1)

.eh_frame_hdr
 *(.eh_frame_hdr)
 *(.eh_frame_entry .eh_frame_entry.*)

.eh_frame
 *(.eh_frame)
 *(.eh_frame.*)

.gcc_except_table
 *(.gcc_except_table .gcc_except_table.*)

.gnu_extab
 *(.gnu_extab*)
                0x0000000000003224                . = DATA_SEGMENT_ALIGN (CONSTANT (MAXPAGESIZE), CONSTANT (COMMONPAGESIZE))

.eh_frame
 *(.eh_frame)
 *(.eh_frame.*)

.gnu_extab
 *(.gnu_extab)

.gcc_except_table
 *(.gcc_except_table .gcc_except_table.*)

.exception_ranges
 *(.exception_ranges .exception_ranges*)

.tdata          0x0000000000002224        0x0
                [!provide]                        PROVIDE (__tdata_start, .)
 *(.tdata .tdata.* .gnu.linkonce.td.*)

.tbss
 *(.tbss .tbss.* .gnu.linkonce.tb.*)
 *(.tcommon)

.preinit_array  0x0000000000002224        0x0
                0x0000000000002224                PROVIDE (__preinit_array_start, .)
 *(.preinit_array)
                0x0000000000002224                PROVIDE (__preinit_array_end, .)

.init_array     0x0000000000002224        0x0
                0x0000000000002224                PROVIDE (__init_array_start, .)
 *(SORT(.init_array.*) SORT(.ctors.*))
 *(.init_array EXCLUDE_FILE(*crtend?.o *crtend.o *crtbegin?.o *crtbegin.o) .ctors)
                0x0000000000002224                PROVIDE (__init_array_end, .)

.fini_array     0x0000000000002224        0x0
                0x0000000000002224                PROVIDE (__fini_array_start, .)
 *(SORT(.fini_array.*) SORT(.dtors.*))
 *(.fini_array EXCLUDE_FILE(*crtend?.o *crtend.o *crtbegin?.o *crtbegin.o) .dtors)
                0x0000000000002224                PROVIDE (__fini_array_end, .)

.ctors
 *crtbegin.o(.ctors)
 *crtbegin?.o(.ctors)
 *(EXCLUDE_FILE(*crtend?.o *crtend.o) .ctors)
 *(SORT(.ctors.*))
 *(.ctors)

.dtors
 *crtbegin.o(.dtors)
 *crtbegin?.o(.dtors)
 *(EXCLUDE_FILE(*crtend?.o *crtend.o) .dtors)
 *(SORT(.dtors.*))
 *(.dtors)

.TEST_RODATA    0x0000000000002230       0x14
                0x0000000000002230                __TEST_RODATA_START = .
 *(.TEST_RODATA)
 .TEST_RODATA   0x0000000000002230       0x14 /tmp/ccQEuY2G.o
                0x0000000000002244                __TEST_RODATA_END = .

.rela.dyn       0x0000000000002244        0x0
 .rela.text.start
                0x0000000000002244        0x0 /tmp/ccgHFQ9j.o
 .rela.text     0x0000000000002244        0x0 /tmp/ccgHFQ9j.o
 .rela.sdata    0x0000000000002244        0x0 /tmp/ccgHFQ9j.o
 .rela.text.vecs
                0x0000000000002244        0x0 /tmp/ccgHFQ9j.o
 .rela.text.run_march_algorithm
                0x0000000000002244        0x0 /tmp/ccgHFQ9j.o
                0x0000000000002244                . = DATA_SEGMENT_RELRO_END (., 0x0)

.TEST_DATA      0x0000000000200000       0x84
                0x0000000000200000                __TEST_DATA_START = .
 *(.TEST_DATA)
 .TEST_DATA     0x0000000000200000       0x84 /tmp/ccQEuY2G.o
                0x0000000000200000                test_result
                0x0000000000200084                __TEST_DATA_END = .

.data           0x0000000000200088      0x830
                0x0000000000200088                __DATA_BEGIN__ = .
 *(.data .data.* .gnu.linkonce.d.*)
 .data          0x0000000000200088        0x0 /tmp/ccgHFQ9j.o
 .data          0x0000000000200088        0x0 /tmp/ccDDtXaF.o
 .data          0x0000000000200088        0x0 /tmp/ccsfRcr0.o
 .data          0x0000000000200088        0x0 /tmp/ccVNooJl.o
 .data          0x0000000000200088        0x0 /tmp/ccQEuY2G.o
 .data          0x0000000000200088        0x0 /tmp/ccXUd4n2.o
 .data          0x0000000000200088        0x0 /opt/riscv/riscv32-unknown-elf/lib/libc.a(lib_a-atexit.o)
 .data          0x0000000000200088        0x0 /opt/riscv/riscv32-unknown-elf/lib/libc.a(lib_a-exit.o)
 .data          0x0000000000200088        0x0 /opt/riscv/riscv32-unknown-elf/lib/libc.a(lib_a-fini.o)
 .data          0x0000000000200088      0x428 /opt/riscv/riscv32-unknown-elf/lib/libc.a(lib_a-impure.o)
 .data          0x00000000002004b0        0x0 /opt/riscv/riscv32-unknown-elf/lib/libc.a(lib_a-init.o)
 .data          0x00000000002004b0        0x0 /opt/riscv/riscv32-unknown-elf/lib/libc.a(lib_a-memset.o)
 .data          0x00000000002004b0        0x0 /opt/riscv/riscv32-unknown-elf/lib/libc.a(lib_a-puts.o)
 .data          0x00000000002004b0        0x0 /opt/riscv/riscv32-unknown-elf/lib/libc.a(lib_a-reent.o)
 .data          0x00000000002004b0        0x0 /opt/riscv/riscv32-unknown-elf/lib/libc.a(lib_a-strlen.o)
 .data          0x00000000002004b0        0x0 /opt/riscv/riscv32-unknown-elf/lib/libc.a(lib_a-__atexit.o)
 .data          0x00000000002004b0        0x0 /opt/riscv/riscv32-unknown-elf/lib/libc.a(lib_a-__call_atexit.o)
 .data          0x00000000002004b0        0x0 /opt/riscv/riscv32-unknown-elf/lib/libc.a(lib_a-findfp.o)
 .data          0x00000000002004b0        0x0 /opt/riscv/riscv32-unknown-elf/lib/libc.a(lib_a-freer.o)
 .data          0x00000000002004b0        0x0 /opt/riscv/riscv32-unknown-elf/lib/libc.a(lib_a-fvwrite.o)
 .data          0x00000000002004b0        0x0 /opt/riscv/riscv32-unknown-elf/lib/libc.a(lib_a-fwalk.o)
 .data          0x00000000002004b0      0x408 /opt/riscv/riscv32-unknown-elf/lib/libc.a(lib_a-mallocr.o)
                0x00000000002004b0                __malloc_av_
 .data          0x00000000002008b8        0x0 /opt/riscv/riscv32-unknown-elf/lib/libc.a(lib_a-memchr.o)
 .data          0x00000000002008b8        0x0 /opt/riscv/riscv32-unknown-elf/lib/libc.a(lib_a-memcpy.o)
 .data          0x00000000002008b8        0x0 /opt/riscv/riscv32-unknown-elf/lib/libc.a(lib_a-memmove.o)
 .data          0x00000000002008b8        0x0 /opt/riscv/riscv32-unknown-elf/lib/libc.a(lib_a-mlock.o)
 .data          0x00000000002008b8        0x0 /opt/riscv/riscv32-unknown-elf/lib/libc.a(lib_a-reallocr.o)
 .data          0x00000000002008b8        0x0 /opt/riscv/riscv32-unknown-elf/lib/libc.a(lib_a-sbrkr.o)
 .data          0x00000000002008b8        0x0 /opt/riscv/riscv32-unknown-elf/lib/libc.a(lib_a-stdio.o)
 .data          0x00000000002008b8        0x0 /opt/riscv/riscv32-unknown-elf/lib/libc.a(lib_a-writer.o)
 .data          0x00000000002008b8        0x0 /opt/riscv/riscv32-unknown-elf/lib/libc.a(lib_a-wsetup.o)
 .data          0x00000000002008b8        0x0 /opt/riscv/riscv32-unknown-elf/lib/libc.a(lib_a-closer.o)
 .data          0x00000000002008b8        0x0 /opt/riscv/riscv32-unknown-elf/lib/libc.a(lib_a-fclose.o)
 .data          0x00000000002008b8        0x0 /opt/riscv/riscv32-unknown-elf/lib/libc.a(lib_a-fflush.o)
 .data          0x00000000002008b8        0x0 /opt/riscv/riscv32-unknown-elf/lib/libc.a(lib_a-lseekr.o)
 .data          0x00000000002008b8        0x0 /opt/riscv/riscv32-unknown-elf/lib/libc.a(lib_a-makebuf.o)
 .data          0x00000000002008b8        0x0 /opt/riscv/riscv32-unknown-elf/lib/libc.a(lib_a-readr.o)
 .data          0x00000000002008b8        0x0 /opt/riscv/riscv32-unknown-elf/lib/libc.a(lib_a-fstatr.o)
 .data          0x00000000002008b8        0x0 /opt/riscv/riscv32-unknown-elf/lib/libc.a(lib_a-isattyr.o)

.data1
 *(.data1)

.sdata          0x00000000002008b8       0x14
                0x00000000002008b8                __SDATA_BEGIN__ = .
 *(.srodata.cst16)
 *(.srodata.cst8)
 *(.srodata.cst4)
 *(.srodata.cst2)
 *(.srodata .srodata.*)
 *(.sdata .sdata.* .gnu.linkonce.s.*)
 .sdata         0x00000000002008b8        0x4 /tmp/ccsfRcr0.o
 .sdata         0x00000000002008bc        0x8 /opt/riscv/riscv32-unknown-elf/lib/libc.a(lib_a-impure.o)
                0x00000000002008bc                _global_impure_ptr
                0x00000000002008c0                _impure_ptr
 .sdata         0x00000000002008c4        0x8 /opt/riscv/riscv32-unknown-elf/lib/libc.a(lib_a-mallocr.o)
                0x00000000002008c4                __malloc_sbrk_base
                0x00000000002008c8                __malloc_trim_threshold
                0x00000000002008cc                _edata = .
                [!provide]                        PROVIDE (edata, .)
                0x00000000002008cc                . = .
                0x00000000002008cc                __bss_start = .

.sbss           0x00000000002008cc        0xc
 *(.dynsbss)
 *(.sbss .sbss.* .gnu.linkonce.sb.*)
 .sbss          0x00000000002008cc        0xc /opt/riscv/riscv32-unknown-elf/lib/libc.a(lib_a-mallocr.o)
                0x00000000002008cc                __malloc_max_total_mem
                0x00000000002008d0                __malloc_max_sbrked_mem
                0x00000000002008d4                __malloc_top_pad
 *(.scommon)

.bss            0x00000000002008d8       0x2c
 *(.dynbss)
 *(.bss .bss.* .gnu.linkonce.b.*)
 .bss           0x00000000002008d8        0x0 /tmp/ccgHFQ9j.o
 .bss           0x00000000002008d8        0x0 /tmp/ccDDtXaF.o
 .bss           0x00000000002008d8        0x0 /tmp/ccsfRcr0.o
 .bss           0x00000000002008d8        0x0 /tmp/ccVNooJl.o
 .bss           0x00000000002008d8        0x0 /tmp/ccQEuY2G.o
 .bss           0x00000000002008d8        0x0 /tmp/ccXUd4n2.o
 .bss           0x00000000002008d8        0x0 /opt/riscv/riscv32-unknown-elf/lib/libc.a(lib_a-atexit.o)
 .bss           0x00000000002008d8        0x0 /opt/riscv/riscv32-unknown-elf/lib/libc.a(lib_a-exit.o)
 .bss           0x00000000002008d8        0x0 /opt/riscv/riscv32-unknown-elf/lib/libc.a(lib_a-fini.o)
 .bss           0x00000000002008d8        0x0 /opt/riscv/riscv32-unknown-elf/lib/libc.a(lib_a-impure.o)
 .bss           0x00000000002008d8        0x0 /opt/riscv/riscv32-unknown-elf/lib/libc.a(lib_a-init.o)
 .bss           0x00000000002008d8        0x0 /opt/riscv/riscv32-unknown-elf/lib/libc.a(lib_a-memset.o)
 .bss           0x00000000002008d8        0x0 /opt/riscv/riscv32-unknown-elf/lib/libc.a(lib_a-puts.o)
 .bss           0x00000000002008d8        0x0 /opt/riscv/riscv32-unknown-elf/lib/libc.a(lib_a-reent.o)
 .bss           0x00000000002008d8        0x0 /opt/riscv/riscv32-unknown-elf/lib/libc.a(lib_a-strlen.o)
 .bss           0x00000000002008d8        0x0 /opt/riscv/riscv32-unknown-elf/lib/libc.a(lib_a-__atexit.o)
 .bss           0x00000000002008d8        0x0 /opt/riscv/riscv32-unknown-elf/lib/libc.a(lib_a-__call_atexit.o)
 .bss           0x00000000002008d8        0x0 /opt/riscv/riscv32-unknown-elf/lib/libc.a(lib_a-findfp.o)
 .bss           0x00000000002008d8        0x0 /opt/riscv/riscv32-unknown-elf/lib/libc.a(lib_a-freer.o)
 .bss           0x00000000002008d8        0x0 /opt/riscv/riscv32-unknown-elf/lib/libc.a(lib_a-fvwrite.o)
 .bss           0x00000000002008d8        0x0 /opt/riscv/riscv32-unknown-elf/lib/libc.a(lib_a-fwalk.o)
 .bss           0x00000000002008d8       0x28 /opt/riscv/riscv32-unknown-elf/lib/libc.a(lib_a-mallocr.o)
                0x00000000002008d8                __malloc_current_mallinfo
 .bss           0x0000000000200900        0x0 /opt/riscv/riscv32-unknown-elf/lib/libc.a(lib_a-memchr.o)
 .bss           0x0000000000200900        0x0 /opt/riscv/riscv32-unknown-elf/lib/libc.a(lib_a-memcpy.o)
 .bss           0x0000000000200900        0x0 /opt/riscv/riscv32-unknown-elf/lib/libc.a(lib_a-memmove.o)
 .bss           0x0000000000200900        0x0 /opt/riscv/riscv32-unknown-elf/lib/libc.a(lib_a-mlock.o)
 .bss           0x0000000000200900        0x0 /opt/riscv/riscv32-unknown-elf/lib/libc.a(lib_a-reallocr.o)
 .bss           0x0000000000200900        0x0 /opt/riscv/riscv32-unknown-elf/lib/libc.a(lib_a-sbrkr.o)
 .bss           0x0000000000200900        0x0 /opt/riscv/riscv32-unknown-elf/lib/libc.a(lib_a-stdio.o)
 .bss           0x0000000000200900        0x0 /opt/riscv/riscv32-unknown-elf/lib/libc.a(lib_a-writer.o)
 .bss           0x0000000000200900        0x0 /opt/riscv/riscv32-unknown-elf/lib/libc.a(lib_a-wsetup.o)
 .bss           0x0000000000200900        0x0 /opt/riscv/riscv32-unknown-elf/lib/libc.a(lib_a-closer.o)
 .bss           0x0000000000200900        0x0 /opt/riscv/riscv32-unknown-elf/lib/libc.a(lib_a-fclose.o)
 .bss           0x0000000000200900        0x0 /opt/riscv/riscv32-unknown-elf/lib/libc.a(lib_a-fflush.o)
 .bss           0x0000000000200900        0x0 /opt/riscv/riscv32-unknown-elf/lib/libc.a(lib_a-lseekr.o)
 .bss           0x0000000000200900        0x0 /opt/riscv/riscv32-unknown-elf/lib/libc.a(lib_a-makebuf.o)
 .bss           0x0000000000200900        0x0 /opt/riscv/riscv32-unknown-elf/lib/libc.a(lib_a-readr.o)
 .bss           0x0000000000200900        0x0 /opt/riscv/riscv32-unknown-elf/lib/libc.a(lib_a-fstatr.o)
 .bss           0x0000000000200900        0x0 /opt/riscv/riscv32-unknown-elf/lib/libc.a(lib_a-isattyr.o)
 *(COMMON)
 COMMON         0x0000000000200900        0x4 /opt/riscv/riscv32-unknown-elf/lib/libc.a(lib_a-reent.o)
                0x0000000000200900                errno
                0x0000000000200904                . = ALIGN ((. != 0x0)?0x4:0x1)
                0x0000000000200904                . = ALIGN (0x4)
                0x0000000000200904                . = SEGMENT_START ("ldata-segment", .)
                0x0000000000200904                . = ALIGN (0x4)
                0x0000000000200904                __BSS_END__ = .
                0x0000000000200904                __bss_end = .
                0x0000000000200888                __global_pointer$ = MIN ((__SDATA_BEGIN__ + 0x800), MAX ((__DATA_BEGIN__ + 0x800), (__BSS_END__ - 0x800)))
                0x0000000000200904                _end = .
                [!provide]                        PROVIDE (end, .)
                0x0000000000200904                . = DATA_SEGMENT_END (.)

.heap           0x0000000000200904      0x400
                0x0000000000200904                PROVIDE (__heap_start, .)
                0x0000000000000400                . = __heap_size
 *fill*         0x0000000000200904      0x400 
                0x0000000000200d04                PROVIDE (__heap_end, .)

.stack          0x0000000000200d10      0x400
                [!provide]                        PROVIDE (__stack_start, .)
                0x0000000000000400                . = __stack_size
 *fill*         0x0000000000200d10      0x400 
                0x0000000000201110                PROVIDE (_sp, .)
                [!provide]                        PROVIDE (__stack_end, .)

.__RAM_DATA_END
                0x0000000000201110        0x0
                0x0000000000201110                __RAM_DATA_END = .
 *(.RAM_DATA_END)
                0x0000000000201110                __RAM_DATA_END = .

.stab
 *(.stab)

.stabstr
 *(.stabstr)

.stab.excl
 *(.stab.excl)

.stab.exclstr
 *(.stab.exclstr)

.stab.index
 *(.stab.index)

.stab.indexstr
 *(.stab.indexstr)

.comment        0x0000000000000000       0x1a
 *(.comment)
 .comment       0x0000000000000000       0x1a /tmp/ccDDtXaF.o
                                         0x1b (size before relaxing)
 .comment       0x000000000000001a       0x1b /tmp/ccsfRcr0.o
 .comment       0x000000000000001a       0x1b /opt/riscv/riscv32-unknown-elf/lib/libc.a(lib_a-atexit.o)
 .comment       0x000000000000001a       0x1b /opt/riscv/riscv32-unknown-elf/lib/libc.a(lib_a-exit.o)
 .comment       0x000000000000001a       0x1b /opt/riscv/riscv32-unknown-elf/lib/libc.a(lib_a-fini.o)
 .comment       0x000000000000001a       0x1b /opt/riscv/riscv32-unknown-elf/lib/libc.a(lib_a-impure.o)
 .comment       0x000000000000001a       0x1b /opt/riscv/riscv32-unknown-elf/lib/libc.a(lib_a-init.o)
 .comment       0x000000000000001a       0x1b /opt/riscv/riscv32-unknown-elf/lib/libc.a(lib_a-puts.o)
 .comment       0x000000000000001a       0x1b /opt/riscv/riscv32-unknown-elf/lib/libc.a(lib_a-reent.o)
 .comment       0x000000000000001a       0x1b /opt/riscv/riscv32-unknown-elf/lib/libc.a(lib_a-strlen.o)
 .comment       0x000000000000001a       0x1b /opt/riscv/riscv32-unknown-elf/lib/libc.a(lib_a-__atexit.o)
 .comment       0x000000000000001a       0x1b /opt/riscv/riscv32-unknown-elf/lib/libc.a(lib_a-__call_atexit.o)
 .comment       0x000000000000001a       0x1b /opt/riscv/riscv32-unknown-elf/lib/libc.a(lib_a-findfp.o)
 .comment       0x000000000000001a       0x1b /opt/riscv/riscv32-unknown-elf/lib/libc.a(lib_a-freer.o)
 .comment       0x000000000000001a       0x1b /opt/riscv/riscv32-unknown-elf/lib/libc.a(lib_a-fvwrite.o)
 .comment       0x000000000000001a       0x1b /opt/riscv/riscv32-unknown-elf/lib/libc.a(lib_a-fwalk.o)
 .comment       0x000000000000001a       0x1b /opt/riscv/riscv32-unknown-elf/lib/libc.a(lib_a-mallocr.o)
 .comment       0x000000000000001a       0x1b /opt/riscv/riscv32-unknown-elf/lib/libc.a(lib_a-memchr.o)
 .comment       0x000000000000001a       0x1b /opt/riscv/riscv32-unknown-elf/lib/libc.a(lib_a-memcpy.o)
 .comment       0x000000000000001a       0x1b /opt/riscv/riscv32-unknown-elf/lib/libc.a(lib_a-memmove.o)
 .comment       0x000000000000001a       0x1b /opt/riscv/riscv32-unknown-elf/lib/libc.a(lib_a-mlock.o)
 .comment       0x000000000000001a       0x1b /opt/riscv/riscv32-unknown-elf/lib/libc.a(lib_a-reallocr.o)
 .comment       0x000000000000001a       0x1b /opt/riscv/riscv32-unknown-elf/lib/libc.a(lib_a-sbrkr.o)
 .comment       0x000000000000001a       0x1b /opt/riscv/riscv32-unknown-elf/lib/libc.a(lib_a-stdio.o)
 .comment       0x000000000000001a       0x1b /opt/riscv/riscv32-unknown-elf/lib/libc.a(lib_a-writer.o)
 .comment       0x000000000000001a       0x1b /opt/riscv/riscv32-unknown-elf/lib/libc.a(lib_a-wsetup.o)
 .comment       0x000000000000001a       0x1b /opt/riscv/riscv32-unknown-elf/lib/libc.a(lib_a-closer.o)
 .comment       0x000000000000001a       0x1b /opt/riscv/riscv32-unknown-elf/lib/libc.a(lib_a-fclose.o)
 .comment       0x000000000000001a       0x1b /opt/riscv/riscv32-unknown-elf/lib/libc.a(lib_a-fflush.o)
 .comment       0x000000000000001a       0x1b /opt/riscv/riscv32-unknown-elf/lib/libc.a(lib_a-lseekr.o)
 .comment       0x000000000000001a       0x1b /opt/riscv/riscv32-unknown-elf/lib/libc.a(lib_a-makebuf.o)
 .comment       0x000000000000001a       0x1b /opt/riscv/riscv32-unknown-elf/lib/libc.a(lib_a-readr.o)
 .comment       0x000000000000001a       0x1b /opt/riscv/riscv32-unknown-elf/lib/libc.a(lib_a-fstatr.o)
 .comment       0x000000000000001a       0x1b /opt/riscv/riscv32-unknown-elf/lib/libc.a(lib_a-isattyr.o)

.Pulp_Chip.Info
                0x0000000000000000       0x4e
 .Pulp_Chip.Info
                0x0000000000000000       0x4e /tmp/ccgHFQ9j.o
 .Pulp_Chip.Info
                0x000000000000004e        0x0 /tmp/ccDDtXaF.o
 .Pulp_Chip.Info
                0x000000000000004e        0x0 /tmp/ccsfRcr0.o
 .Pulp_Chip.Info
                0x000000000000004e        0x0 /tmp/ccVNooJl.o
 .Pulp_Chip.Info
                0x000000000000004e        0x0 /tmp/ccQEuY2G.o
 .Pulp_Chip.Info
                0x000000000000004e        0x0 /tmp/ccXUd4n2.o
 .Pulp_Chip.Info
                0x000000000000004e        0x0 /opt/riscv/riscv32-unknown-elf/lib/libc.a(lib_a-atexit.o)
 .Pulp_Chip.Info
                0x000000000000004e        0x0 /opt/riscv/riscv32-unknown-elf/lib/libc.a(lib_a-exit.o)
 .Pulp_Chip.Info
                0x000000000000004e        0x0 /opt/riscv/riscv32-unknown-elf/lib/libc.a(lib_a-fini.o)
 .Pulp_Chip.Info
                0x000000000000004e        0x0 /opt/riscv/riscv32-unknown-elf/lib/libc.a(lib_a-impure.o)
 .Pulp_Chip.Info
                0x000000000000004e        0x0 /opt/riscv/riscv32-unknown-elf/lib/libc.a(lib_a-init.o)
 .Pulp_Chip.Info
                0x000000000000004e        0x0 /opt/riscv/riscv32-unknown-elf/lib/libc.a(lib_a-memset.o)
 .Pulp_Chip.Info
                0x000000000000004e        0x0 /opt/riscv/riscv32-unknown-elf/lib/libc.a(lib_a-puts.o)
 .Pulp_Chip.Info
                0x000000000000004e        0x0 /opt/riscv/riscv32-unknown-elf/lib/libc.a(lib_a-reent.o)
 .Pulp_Chip.Info
                0x000000000000004e        0x0 /opt/riscv/riscv32-unknown-elf/lib/libc.a(lib_a-strlen.o)
 .Pulp_Chip.Info
                0x000000000000004e        0x0 /opt/riscv/riscv32-unknown-elf/lib/libc.a(lib_a-__atexit.o)
 .Pulp_Chip.Info
                0x000000000000004e        0x0 /opt/riscv/riscv32-unknown-elf/lib/libc.a(lib_a-__call_atexit.o)
 .Pulp_Chip.Info
                0x000000000000004e        0x0 /opt/riscv/riscv32-unknown-elf/lib/libc.a(lib_a-findfp.o)
 .Pulp_Chip.Info
                0x000000000000004e        0x0 /opt/riscv/riscv32-unknown-elf/lib/libc.a(lib_a-freer.o)
 .Pulp_Chip.Info
                0x000000000000004e        0x0 /opt/riscv/riscv32-unknown-elf/lib/libc.a(lib_a-fvwrite.o)
 .Pulp_Chip.Info
                0x000000000000004e        0x0 /opt/riscv/riscv32-unknown-elf/lib/libc.a(lib_a-fwalk.o)
 .Pulp_Chip.Info
                0x000000000000004e        0x0 /opt/riscv/riscv32-unknown-elf/lib/libc.a(lib_a-mallocr.o)
 .Pulp_Chip.Info
                0x000000000000004e        0x0 /opt/riscv/riscv32-unknown-elf/lib/libc.a(lib_a-memchr.o)
 .Pulp_Chip.Info
                0x000000000000004e        0x0 /opt/riscv/riscv32-unknown-elf/lib/libc.a(lib_a-memcpy.o)
 .Pulp_Chip.Info
                0x000000000000004e        0x0 /opt/riscv/riscv32-unknown-elf/lib/libc.a(lib_a-memmove.o)
 .Pulp_Chip.Info
                0x000000000000004e        0x0 /opt/riscv/riscv32-unknown-elf/lib/libc.a(lib_a-mlock.o)
 .Pulp_Chip.Info
                0x000000000000004e        0x0 /opt/riscv/riscv32-unknown-elf/lib/libc.a(lib_a-reallocr.o)
 .Pulp_Chip.Info
                0x000000000000004e        0x0 /opt/riscv/riscv32-unknown-elf/lib/libc.a(lib_a-sbrkr.o)
 .Pulp_Chip.Info
                0x000000000000004e        0x0 /opt/riscv/riscv32-unknown-elf/lib/libc.a(lib_a-stdio.o)
 .Pulp_Chip.Info
                0x000000000000004e        0x0 /opt/riscv/riscv32-unknown-elf/lib/libc.a(lib_a-writer.o)
 .Pulp_Chip.Info
                0x000000000000004e        0x0 /opt/riscv/riscv32-unknown-elf/lib/libc.a(lib_a-wsetup.o)
 .Pulp_Chip.Info
                0x000000000000004e        0x0 /opt/riscv/riscv32-unknown-elf/lib/libc.a(lib_a-closer.o)
 .Pulp_Chip.Info
                0x000000000000004e        0x0 /opt/riscv/riscv32-unknown-elf/lib/libc.a(lib_a-fclose.o)
 .Pulp_Chip.Info
                0x000000000000004e        0x0 /opt/riscv/riscv32-unknown-elf/lib/libc.a(lib_a-fflush.o)
 .Pulp_Chip.Info
                0x000000000000004e        0x0 /opt/riscv/riscv32-unknown-elf/lib/libc.a(lib_a-lseekr.o)
 .Pulp_Chip.Info
                0x000000000000004e        0x0 /opt/riscv/riscv32-unknown-elf/lib/libc.a(lib_a-makebuf.o)
 .Pulp_Chip.Info
                0x000000000000004e        0x0 /opt/riscv/riscv32-unknown-elf/lib/libc.a(lib_a-readr.o)
 .Pulp_Chip.Info
                0x000000000000004e        0x0 /opt/riscv/riscv32-unknown-elf/lib/libc.a(lib_a-fstatr.o)
 .Pulp_Chip.Info
                0x000000000000004e        0x0 /opt/riscv/riscv32-unknown-elf/lib/libc.a(lib_a-isattyr.o)

.debug
 *(.debug)

.line
 *(.line)

.debug_srcinfo
 *(.debug_srcinfo)

.debug_sfnames
 *(.debug_sfnames)

.debug_aranges  0x0000000000000000       0xc8
 *(.debug_aranges)
 .debug_aranges
                0x0000000000000000       0x20 /tmp/ccgHFQ9j.o
 .debug_aranges
                0x0000000000000020       0x20 /tmp/ccDDtXaF.o
 .debug_aranges
                0x0000000000000040       0x20 /tmp/ccsfRcr0.o
 .debug_aranges
                0x0000000000000060       0x28 /tmp/ccVNooJl.o
 .debug_aranges
                0x0000000000000088       0x20 /tmp/ccQEuY2G.o
 .debug_aranges
                0x00000000000000a8       0x20 /tmp/ccXUd4n2.o

.debug_pubnames
 *(.debug_pubnames)

.debug_info     0x0000000000000000     0x1d9f
 *(.debug_info .gnu.linkonce.wi.*)
 .debug_info    0x0000000000000000       0x67 /tmp/ccgHFQ9j.o
 .debug_info    0x0000000000000067      0x8dc /tmp/ccDDtXaF.o
 .debug_info    0x0000000000000943     0x1318 /tmp/ccsfRcr0.o
 .debug_info    0x0000000000001c5b       0x66 /tmp/ccVNooJl.o
 .debug_info    0x0000000000001cc1       0x6c /tmp/ccQEuY2G.o
 .debug_info    0x0000000000001d2d       0x72 /tmp/ccXUd4n2.o

.debug_abbrev   0x0000000000000000      0x539
 *(.debug_abbrev)
 .debug_abbrev  0x0000000000000000       0x14 /tmp/ccgHFQ9j.o
 .debug_abbrev  0x0000000000000014      0x1c9 /tmp/ccDDtXaF.o
 .debug_abbrev  0x00000000000001dd      0x322 /tmp/ccsfRcr0.o
 .debug_abbrev  0x00000000000004ff       0x12 /tmp/ccVNooJl.o
 .debug_abbrev  0x0000000000000511       0x14 /tmp/ccQEuY2G.o
 .debug_abbrev  0x0000000000000525       0x14 /tmp/ccXUd4n2.o

.debug_line     0x0000000000000000      0xdc1
 *(.debug_line .debug_line.* .debug_line_end)
 .debug_line    0x0000000000000000      0x169 /tmp/ccgHFQ9j.o
 .debug_line    0x0000000000000169      0x103 /tmp/ccDDtXaF.o
 .debug_line    0x000000000000026c      0x3f5 /tmp/ccsfRcr0.o
 .debug_line    0x0000000000000661      0x1b2 /tmp/ccVNooJl.o
 .debug_line    0x0000000000000813      0x2f8 /tmp/ccQEuY2G.o
 .debug_line    0x0000000000000b0b      0x2b6 /tmp/ccXUd4n2.o

.debug_frame    0x0000000000000000      0x250
 *(.debug_frame)
 .debug_frame   0x0000000000000000       0x20 /tmp/ccDDtXaF.o
 .debug_frame   0x0000000000000020      0x230 /tmp/ccsfRcr0.o

.debug_str      0x0000000000000000      0x7b5
 *(.debug_str)
 .debug_str     0x0000000000000000      0x4a6 /tmp/ccDDtXaF.o
                                        0x50e (size before relaxing)
 .debug_str     0x00000000000004a6      0x30f /tmp/ccsfRcr0.o
                                        0x8ac (size before relaxing)

.debug_loc      0x0000000000000000      0x41b
 *(.debug_loc)
 .debug_loc     0x0000000000000000       0x21 /tmp/ccDDtXaF.o
 .debug_loc     0x0000000000000021      0x3fa /tmp/ccsfRcr0.o

.debug_macinfo
 *(.debug_macinfo)

.debug_weaknames
 *(.debug_weaknames)

.debug_funcnames
 *(.debug_funcnames)

.debug_typenames
 *(.debug_typenames)

.debug_varnames
 *(.debug_varnames)

.debug_pubtypes
 *(.debug_pubtypes)

.debug_ranges   0x0000000000000000       0x30
 *(.debug_ranges)
 .debug_ranges  0x0000000000000000       0x10 /tmp/ccDDtXaF.o
 .debug_ranges  0x0000000000000010       0x20 /tmp/ccVNooJl.o

.debug_macro
 *(.debug_macro)

.debug_addr
 *(.debug_addr)

.gnu.attributes
 *(.gnu.attributes)

/DISCARD/
 *(.note.GNU-stack)
 *(.gnu_debuglink)
 *(.gnu.lto_*)
OUTPUT(sbst.elf elf32-littleriscv)
