Archive member included to satisfy reference by file (symbol)

/opt/riscv/riscv32-unknown-elf/lib/libc.a(lib_a-atexit.o)
                              /tmp/ccaYwAiE.o (atexit)
/opt/riscv/riscv32-unknown-elf/lib/libc.a(lib_a-exit.o)
                              /tmp/ccaYwAiE.o (exit)
/opt/riscv/riscv32-unknown-elf/lib/libc.a(lib_a-fini.o)
                              /tmp/ccaYwAiE.o (__libc_fini_array)
/opt/riscv/riscv32-unknown-elf/lib/libc.a(lib_a-impure.o)
                              /opt/riscv/riscv32-unknown-elf/lib/libc.a(lib_a-exit.o) (_global_impure_ptr)
/opt/riscv/riscv32-unknown-elf/lib/libc.a(lib_a-init.o)
                              /tmp/ccaYwAiE.o (__libc_init_array)
/opt/riscv/riscv32-unknown-elf/lib/libc.a(lib_a-memset.o)
                              /tmp/ccaYwAiE.o (memset)
/opt/riscv/riscv32-unknown-elf/lib/libc.a(lib_a-puts.o)
                              /tmp/ccSGy0w5.o (puts)
/opt/riscv/riscv32-unknown-elf/lib/libc.a(lib_a-reent.o)
                              /tmp/ccYwS5lW.o (errno)
/opt/riscv/riscv32-unknown-elf/lib/libc.a(lib_a-strlen.o)
                              /opt/riscv/riscv32-unknown-elf/lib/libc.a(lib_a-puts.o) (strlen)
/opt/riscv/riscv32-unknown-elf/lib/libc.a(lib_a-__atexit.o)
                              /opt/riscv/riscv32-unknown-elf/lib/libc.a(lib_a-atexit.o) (__register_exitproc)
/opt/riscv/riscv32-unknown-elf/lib/libc.a(lib_a-__call_atexit.o)
                              /opt/riscv/riscv32-unknown-elf/lib/libc.a(lib_a-exit.o) (__call_exitprocs)
/opt/riscv/riscv32-unknown-elf/lib/libc.a(lib_a-findfp.o)
                              /opt/riscv/riscv32-unknown-elf/lib/libc.a(lib_a-puts.o) (__sinit)
/opt/riscv/riscv32-unknown-elf/lib/libc.a(lib_a-freer.o)
                              /opt/riscv/riscv32-unknown-elf/lib/libc.a(lib_a-reent.o) (_free_r)
/opt/riscv/riscv32-unknown-elf/lib/libc.a(lib_a-fvwrite.o)
                              /opt/riscv/riscv32-unknown-elf/lib/libc.a(lib_a-puts.o) (__sfvwrite_r)
/opt/riscv/riscv32-unknown-elf/lib/libc.a(lib_a-fwalk.o)
                              /opt/riscv/riscv32-unknown-elf/lib/libc.a(lib_a-findfp.o) (_fwalk)
/opt/riscv/riscv32-unknown-elf/lib/libc.a(lib_a-mallocr.o)
                              /opt/riscv/riscv32-unknown-elf/lib/libc.a(lib_a-findfp.o) (_malloc_r)
/opt/riscv/riscv32-unknown-elf/lib/libc.a(lib_a-memchr.o)
                              /opt/riscv/riscv32-unknown-elf/lib/libc.a(lib_a-fvwrite.o) (memchr)
/opt/riscv/riscv32-unknown-elf/lib/libc.a(lib_a-memcpy.o)
                              /opt/riscv/riscv32-unknown-elf/lib/libc.a(lib_a-fvwrite.o) (memcpy)
/opt/riscv/riscv32-unknown-elf/lib/libc.a(lib_a-memmove.o)
                              /opt/riscv/riscv32-unknown-elf/lib/libc.a(lib_a-fvwrite.o) (memmove)
/opt/riscv/riscv32-unknown-elf/lib/libc.a(lib_a-mlock.o)
                              /opt/riscv/riscv32-unknown-elf/lib/libc.a(lib_a-freer.o) (__malloc_lock)
/opt/riscv/riscv32-unknown-elf/lib/libc.a(lib_a-reallocr.o)
                              /opt/riscv/riscv32-unknown-elf/lib/libc.a(lib_a-fvwrite.o) (_realloc_r)
/opt/riscv/riscv32-unknown-elf/lib/libc.a(lib_a-sbrkr.o)
                              /opt/riscv/riscv32-unknown-elf/lib/libc.a(lib_a-freer.o) (_sbrk_r)
/opt/riscv/riscv32-unknown-elf/lib/libc.a(lib_a-stdio.o)
                              /opt/riscv/riscv32-unknown-elf/lib/libc.a(lib_a-findfp.o) (__sread)
/opt/riscv/riscv32-unknown-elf/lib/libc.a(lib_a-writer.o)
                              /opt/riscv/riscv32-unknown-elf/lib/libc.a(lib_a-stdio.o) (_write_r)
/opt/riscv/riscv32-unknown-elf/lib/libc.a(lib_a-wsetup.o)
                              /opt/riscv/riscv32-unknown-elf/lib/libc.a(lib_a-fvwrite.o) (__swsetup_r)
/opt/riscv/riscv32-unknown-elf/lib/libc.a(lib_a-closer.o)
                              /opt/riscv/riscv32-unknown-elf/lib/libc.a(lib_a-stdio.o) (_close_r)
/opt/riscv/riscv32-unknown-elf/lib/libc.a(lib_a-fclose.o)
                              /opt/riscv/riscv32-unknown-elf/lib/libc.a(lib_a-findfp.o) (_fclose_r)
/opt/riscv/riscv32-unknown-elf/lib/libc.a(lib_a-fflush.o)
                              /opt/riscv/riscv32-unknown-elf/lib/libc.a(lib_a-fclose.o) (__sflush_r)
/opt/riscv/riscv32-unknown-elf/lib/libc.a(lib_a-lseekr.o)
                              /opt/riscv/riscv32-unknown-elf/lib/libc.a(lib_a-stdio.o) (_lseek_r)
/opt/riscv/riscv32-unknown-elf/lib/libc.a(lib_a-makebuf.o)
                              /opt/riscv/riscv32-unknown-elf/lib/libc.a(lib_a-wsetup.o) (__smakebuf_r)
/opt/riscv/riscv32-unknown-elf/lib/libc.a(lib_a-readr.o)
                              /opt/riscv/riscv32-unknown-elf/lib/libc.a(lib_a-stdio.o) (_read_r)
/opt/riscv/riscv32-unknown-elf/lib/libc.a(lib_a-fstatr.o)
                              /opt/riscv/riscv32-unknown-elf/lib/libc.a(lib_a-makebuf.o) (_fstat_r)
/opt/riscv/riscv32-unknown-elf/lib/libc.a(lib_a-isattyr.o)
                              /opt/riscv/riscv32-unknown-elf/lib/libc.a(lib_a-makebuf.o) (_isatty_r)

Allocating common symbols
Common symbol       size              file

errno               0x4               /opt/riscv/riscv32-unknown-elf/lib/libc.a(lib_a-reent.o)

Memory Configuration

Name             Origin             Length             Attributes
instrram         0x0000000000000000 0x0000000000200000 axrl
dataram          0x0000000000200000 0x0000000000040000 arwl
*default*        0x0000000000000000 0xffffffffffffffff

Linker script and memory map

LOAD /tmp/ccaYwAiE.o
LOAD /tmp/ccyvUScN.o
LOAD /tmp/ccYwS5lW.o
LOAD /tmp/ccSGy0w5.o
LOAD /tmp/cckFjgJe.o
LOAD /tmp/ccUu7RWn.o
LOAD /tmp/ccMbdhcx.o
LOAD /opt/riscv/riscv32-unknown-elf/lib/libc.a
LOAD /opt/riscv/riscv32-unknown-elf/lib/libm.a
LOAD /opt/riscv/lib/gcc/riscv32-unknown-elf/7.1.1/rv32imfcxpulpv2/ilp32/libgcc.a
                0x0000000000000400                __TEST_DATA_SIZE = 0x400
                0x0000000000000080                PROVIDE (__boot_address, 0x80)
                0x0000000000000400                __stack_size = DEFINED (__stack_size)?__stack_size:0x400
                [!provide]                        PROVIDE (__stack_size, __stack_size)
                0x0000000000000400                __heap_size = DEFINED (__heap_size)?__heap_size:0x400
                [!provide]                        PROVIDE (__executable_start, SEGMENT_START ("text-segment", 0x10000))
                0x0000000000010074                . = (SEGMENT_START ("text-segment", 0x10000) + SIZEOF_HEADERS)

.vectors        0x0000000000000000       0x80
                0x0000000000000000                PROVIDE (__vector_start, .)
 *(.vectors)
 .vectors       0x0000000000000000       0x80 /tmp/ccSGy0w5.o

.init           0x0000000000000080       0x92
 *(SORT(.init))
 *(.text.start)
 .text.start    0x0000000000000080       0x92 /tmp/ccaYwAiE.o
                0x0000000000000080                _start
                0x0000000000000110                _init
                0x0000000000000110                _fini

.text           0x0000000000000112     0x5ba2
 *(.text.unlikely .text.*_unlikely .text.unlikely.*)
 *(.text.exit .text.exit.*)
 *(.text.startup .text.startup.*)
 .text.startup  0x0000000000000112       0x6a /tmp/ccyvUScN.o
                0x0000000000000112                main
 *(.text.hot .text.hot.*)
 *(.text .stub .text.* .gnu.linkonce.t.*)
 .text          0x000000000000017c        0x0 /tmp/ccaYwAiE.o
 .text          0x000000000000017c        0x0 /tmp/ccyvUScN.o
 .text          0x000000000000017c      0x18e /tmp/ccYwS5lW.o
                0x000000000000017c                unimplemented_syscall
                0x0000000000000194                nanosleep
                0x00000000000001a0                _access
                0x00000000000001ac                _chdir
                0x00000000000001b8                _chmod
                0x00000000000001c4                _chown
                0x00000000000001d0                close
                0x00000000000001d4                _execve
                0x00000000000001de                _exit
                0x00000000000001ea                _faccessat
                0x00000000000001f6                _fork
                0x0000000000000200                fstat
                0x0000000000000208                _fstatat
                0x0000000000000214                _ftime
                0x0000000000000220                _getcwd
                0x000000000000022c                _getpid
                0x0000000000000230                _gettimeofday
                0x000000000000023c                isatty
                0x0000000000000244                _kill
                0x000000000000024e                _link
                0x0000000000000258                lseek
                0x000000000000025c                _lstat
                0x0000000000000268                _open
                0x000000000000026c                _openat
                0x0000000000000278                read
                0x000000000000027c                _stat
                0x0000000000000284                _sysconf
                0x0000000000000288                _times
                0x000000000000028c                _unlink
                0x0000000000000296                _utime
                0x00000000000002a2                _wait
                0x00000000000002ac                write
                0x00000000000002d2                _brk
                0x00000000000002da                sbrk
 .text          0x000000000000030a        0x0 /tmp/ccSGy0w5.o
 .text.vecs     0x000000000000030a       0x8c /tmp/ccSGy0w5.o
 .text          0x0000000000000396      0x1ac /tmp/cckFjgJe.o
                0x0000000000000396                _sbst_boot
 .text          0x0000000000000542        0x0 /tmp/ccUu7RWn.o
 .text.run_march_algorithm
                0x0000000000000542      0x154 /tmp/ccUu7RWn.o
                0x0000000000000678                _run_march_algorithm
 .text          0x0000000000000696        0x0 /tmp/ccMbdhcx.o
 .text.alu_test
                0x0000000000000696     0x3b42 /tmp/ccMbdhcx.o
                0x0000000000000696                _alu_test
 .text          0x00000000000041d8        0xa /opt/riscv/riscv32-unknown-elf/lib/libc.a(lib_a-atexit.o)
                0x00000000000041d8                atexit
 .text          0x00000000000041e2       0x1c /opt/riscv/riscv32-unknown-elf/lib/libc.a(lib_a-exit.o)
                0x00000000000041e2                exit
 .text          0x00000000000041fe       0x48 /opt/riscv/riscv32-unknown-elf/lib/libc.a(lib_a-fini.o)
                0x00000000000041fe                __libc_fini_array
 .text          0x0000000000004246        0x0 /opt/riscv/riscv32-unknown-elf/lib/libc.a(lib_a-impure.o)
 .text          0x0000000000004246       0x62 /opt/riscv/riscv32-unknown-elf/lib/libc.a(lib_a-init.o)
                0x0000000000004246                __libc_init_array
 .text          0x00000000000042a8       0xa8 /opt/riscv/riscv32-unknown-elf/lib/libc.a(lib_a-memset.o)
                0x00000000000042a8                memset
 .text          0x0000000000004350       0x78 /opt/riscv/riscv32-unknown-elf/lib/libc.a(lib_a-puts.o)
                0x0000000000004350                _puts_r
                0x00000000000043c0                puts
 .text          0x00000000000043c8       0xba /opt/riscv/riscv32-unknown-elf/lib/libc.a(lib_a-reent.o)
                0x00000000000043c8                cleanup_glue
                0x00000000000043e8                _reclaim_reent
 .text          0x0000000000004482       0x12 /opt/riscv/riscv32-unknown-elf/lib/libc.a(lib_a-strlen.o)
                0x0000000000004482                strlen
 .text          0x0000000000004494       0x60 /opt/riscv/riscv32-unknown-elf/lib/libc.a(lib_a-__atexit.o)
                0x0000000000004494                __register_exitproc
 .text          0x00000000000044f4       0xaa /opt/riscv/riscv32-unknown-elf/lib/libc.a(lib_a-__call_atexit.o)
                0x00000000000044f4                __call_exitprocs
 .text          0x000000000000459e      0x1d2 /opt/riscv/riscv32-unknown-elf/lib/libc.a(lib_a-findfp.o)
                0x00000000000045a2                _cleanup_r
                0x000000000000461a                __sfmoreglue
                0x0000000000004660                _cleanup
                0x0000000000004666                __sinit
                0x00000000000046b4                __sfp
                0x000000000000474c                __sfp_lock_acquire
                0x000000000000474e                __sfp_lock_release
                0x0000000000004750                __sinit_lock_acquire
                0x0000000000004752                __sinit_lock_release
                0x0000000000004754                __fp_lock_all
                0x0000000000004762                __fp_unlock_all
 .text          0x0000000000004770      0x256 /opt/riscv/riscv32-unknown-elf/lib/libc.a(lib_a-freer.o)
                0x0000000000004770                _malloc_trim_r
                0x0000000000004828                _free_r
 .text          0x00000000000049c6      0x2d8 /opt/riscv/riscv32-unknown-elf/lib/libc.a(lib_a-fvwrite.o)
                0x00000000000049c6                __sfvwrite_r
 .text          0x0000000000004c9e       0xce /opt/riscv/riscv32-unknown-elf/lib/libc.a(lib_a-fwalk.o)
                0x0000000000004c9e                _fwalk
                0x0000000000004d00                _fwalk_reent
 .text          0x0000000000004d6c      0x48c /opt/riscv/riscv32-unknown-elf/lib/libc.a(lib_a-mallocr.o)
                0x0000000000004d6c                _malloc_r
 .text          0x00000000000051f8       0x1a /opt/riscv/riscv32-unknown-elf/lib/libc.a(lib_a-memchr.o)
                0x00000000000051f8                memchr
 .text          0x0000000000005212       0xbe /opt/riscv/riscv32-unknown-elf/lib/libc.a(lib_a-memcpy.o)
                0x0000000000005212                memcpy
 .text          0x00000000000052d0       0x3e /opt/riscv/riscv32-unknown-elf/lib/libc.a(lib_a-memmove.o)
                0x00000000000052d0                memmove
 .text          0x000000000000530e        0x4 /opt/riscv/riscv32-unknown-elf/lib/libc.a(lib_a-mlock.o)
                0x000000000000530e                __malloc_lock
                0x0000000000005310                __malloc_unlock
 .text          0x0000000000005312      0x38e /opt/riscv/riscv32-unknown-elf/lib/libc.a(lib_a-reallocr.o)
                0x0000000000005312                _realloc_r
 .text          0x00000000000056a0       0x2c /opt/riscv/riscv32-unknown-elf/lib/libc.a(lib_a-sbrkr.o)
                0x00000000000056a0                _sbrk_r
 .text          0x00000000000056cc       0xbe /opt/riscv/riscv32-unknown-elf/lib/libc.a(lib_a-stdio.o)
                0x00000000000056cc                __sread
                0x00000000000056fc                __seofread
                0x0000000000005700                __swrite
                0x000000000000574e                __sseek
                0x0000000000005784                __sclose
 .text          0x000000000000578a       0x30 /opt/riscv/riscv32-unknown-elf/lib/libc.a(lib_a-writer.o)
                0x000000000000578a                _write_r
 .text          0x00000000000057ba       0xd8 /opt/riscv/riscv32-unknown-elf/lib/libc.a(lib_a-wsetup.o)
                0x00000000000057ba                __swsetup_r
 .text          0x0000000000005892       0x2c /opt/riscv/riscv32-unknown-elf/lib/libc.a(lib_a-closer.o)
                0x0000000000005892                _close_r
 .text          0x00000000000058be       0x94 /opt/riscv/riscv32-unknown-elf/lib/libc.a(lib_a-fclose.o)
                0x00000000000058be                _fclose_r
                0x000000000000594a                fclose
 .text          0x0000000000005952      0x1a6 /opt/riscv/riscv32-unknown-elf/lib/libc.a(lib_a-fflush.o)
                0x0000000000005952                __sflush_r
                0x0000000000005aae                _fflush_r
                0x0000000000005ade                fflush
 .text          0x0000000000005af8       0x30 /opt/riscv/riscv32-unknown-elf/lib/libc.a(lib_a-lseekr.o)
                0x0000000000005af8                _lseek_r
 .text          0x0000000000005b28      0x102 /opt/riscv/riscv32-unknown-elf/lib/libc.a(lib_a-makebuf.o)
                0x0000000000005b28                __swhatbuf_r
                0x0000000000005b8c                __smakebuf_r
 .text          0x0000000000005c2a       0x30 /opt/riscv/riscv32-unknown-elf/lib/libc.a(lib_a-readr.o)
                0x0000000000005c2a                _read_r
 .text          0x0000000000005c5a       0x2e /opt/riscv/riscv32-unknown-elf/lib/libc.a(lib_a-fstatr.o)
                0x0000000000005c5a                _fstat_r
 .text          0x0000000000005c88       0x2c /opt/riscv/riscv32-unknown-elf/lib/libc.a(lib_a-isattyr.o)
                0x0000000000005c88                _isatty_r
 *(.gnu.warning)

.fini
 *(SORT(.fini))
                [!provide]                        PROVIDE (__etext, .)
                [!provide]                        PROVIDE (_etext, .)
                [!provide]                        PROVIDE (etext, .)

.rodata         0x0000000000005cb4       0xdc
 *(.rodata .rodata.* .gnu.linkonce.r.*)
 .rodata.str1.4
                0x0000000000005cb4       0x23 /tmp/ccYwS5lW.o
 .rodata        0x0000000000005cd7       0xb5 /tmp/ccSGy0w5.o
 .rodata.str1.4
                0x0000000000005d8c        0x4 /opt/riscv/riscv32-unknown-elf/lib/libc.a(lib_a-puts.o)
                                          0x2 (size before relaxing)

.rodata1
 *(.rodata1)

.eh_frame_hdr
 *(.eh_frame_hdr)
 *(.eh_frame_entry .eh_frame_entry.*)

.eh_frame
 *(.eh_frame)
 *(.eh_frame.*)

.gcc_except_table
 *(.gcc_except_table .gcc_except_table.*)

.gnu_extab
 *(.gnu_extab*)
                0x0000000000006000                . = DATA_SEGMENT_ALIGN (CONSTANT (MAXPAGESIZE), CONSTANT (COMMONPAGESIZE))

.eh_frame
 *(.eh_frame)
 *(.eh_frame.*)

.gnu_extab
 *(.gnu_extab)

.gcc_except_table
 *(.gcc_except_table .gcc_except_table.*)

.exception_ranges
 *(.exception_ranges .exception_ranges*)

.tdata          0x0000000000005d90        0x0
                [!provide]                        PROVIDE (__tdata_start, .)
 *(.tdata .tdata.* .gnu.linkonce.td.*)

.tbss
 *(.tbss .tbss.* .gnu.linkonce.tb.*)
 *(.tcommon)

.preinit_array  0x0000000000005d90        0x0
                0x0000000000005d90                PROVIDE (__preinit_array_start, .)
 *(.preinit_array)
                0x0000000000005d90                PROVIDE (__preinit_array_end, .)

.init_array     0x0000000000005d90        0x0
                0x0000000000005d90                PROVIDE (__init_array_start, .)
 *(SORT(.init_array.*) SORT(.ctors.*))
 *(.init_array EXCLUDE_FILE(*crtend?.o *crtend.o *crtbegin?.o *crtbegin.o) .ctors)
                0x0000000000005d90                PROVIDE (__init_array_end, .)

.fini_array     0x0000000000005d90        0x0
                0x0000000000005d90                PROVIDE (__fini_array_start, .)
 *(SORT(.fini_array.*) SORT(.dtors.*))
 *(.fini_array EXCLUDE_FILE(*crtend?.o *crtend.o *crtbegin?.o *crtbegin.o) .dtors)
                0x0000000000005d90                PROVIDE (__fini_array_end, .)

.ctors
 *crtbegin.o(.ctors)
 *crtbegin?.o(.ctors)
 *(EXCLUDE_FILE(*crtend?.o *crtend.o) .ctors)
 *(SORT(.ctors.*))
 *(.ctors)

.dtors
 *crtbegin.o(.dtors)
 *crtbegin?.o(.dtors)
 *(EXCLUDE_FILE(*crtend?.o *crtend.o) .dtors)
 *(SORT(.dtors.*))
 *(.dtors)

.TEST_RODATA    0x0000000000005d90       0x14
                0x0000000000005d90                __TEST_RODATA_START = .
 *(.TEST_RODATA)
 .TEST_RODATA   0x0000000000005d90       0x14 /tmp/cckFjgJe.o
                0x0000000000005da4                __TEST_RODATA_END = .

.rela.dyn       0x0000000000005da4        0x0
 .rela.text.start
                0x0000000000005da4        0x0 /tmp/ccaYwAiE.o
 .rela.text     0x0000000000005da4        0x0 /tmp/ccaYwAiE.o
 .rela.sdata    0x0000000000005da4        0x0 /tmp/ccaYwAiE.o
 .rela.text.vecs
                0x0000000000005da4        0x0 /tmp/ccaYwAiE.o
 .rela.text.run_march_algorithm
                0x0000000000005da4        0x0 /tmp/ccaYwAiE.o
                0x0000000000005da4                . = DATA_SEGMENT_RELRO_END (., 0x0)

.TEST_DATA      0x0000000000200000       0x84
                0x0000000000200000                __TEST_DATA_START = .
 *(.TEST_DATA)
 .TEST_DATA     0x0000000000200000       0x84 /tmp/cckFjgJe.o
                0x0000000000200000                test_result
                0x0000000000200084                __TEST_DATA_END = .

.data           0x0000000000200088      0x830
                0x0000000000200088                __DATA_BEGIN__ = .
 *(.data .data.* .gnu.linkonce.d.*)
 .data          0x0000000000200088        0x0 /tmp/ccaYwAiE.o
 .data          0x0000000000200088        0x0 /tmp/ccyvUScN.o
 .data          0x0000000000200088        0x0 /tmp/ccYwS5lW.o
 .data          0x0000000000200088        0x0 /tmp/ccSGy0w5.o
 .data          0x0000000000200088        0x0 /tmp/cckFjgJe.o
 .data          0x0000000000200088        0x0 /tmp/ccUu7RWn.o
 .data          0x0000000000200088        0x0 /tmp/ccMbdhcx.o
 .data          0x0000000000200088        0x0 /opt/riscv/riscv32-unknown-elf/lib/libc.a(lib_a-atexit.o)
 .data          0x0000000000200088        0x0 /opt/riscv/riscv32-unknown-elf/lib/libc.a(lib_a-exit.o)
 .data          0x0000000000200088        0x0 /opt/riscv/riscv32-unknown-elf/lib/libc.a(lib_a-fini.o)
 .data          0x0000000000200088      0x428 /opt/riscv/riscv32-unknown-elf/lib/libc.a(lib_a-impure.o)
 .data          0x00000000002004b0        0x0 /opt/riscv/riscv32-unknown-elf/lib/libc.a(lib_a-init.o)
 .data          0x00000000002004b0        0x0 /opt/riscv/riscv32-unknown-elf/lib/libc.a(lib_a-memset.o)
 .data          0x00000000002004b0        0x0 /opt/riscv/riscv32-unknown-elf/lib/libc.a(lib_a-puts.o)
 .data          0x00000000002004b0        0x0 /opt/riscv/riscv32-unknown-elf/lib/libc.a(lib_a-reent.o)
 .data          0x00000000002004b0        0x0 /opt/riscv/riscv32-unknown-elf/lib/libc.a(lib_a-strlen.o)
 .data          0x00000000002004b0        0x0 /opt/riscv/riscv32-unknown-elf/lib/libc.a(lib_a-__atexit.o)
 .data          0x00000000002004b0        0x0 /opt/riscv/riscv32-unknown-elf/lib/libc.a(lib_a-__call_atexit.o)
 .data          0x00000000002004b0        0x0 /opt/riscv/riscv32-unknown-elf/lib/libc.a(lib_a-findfp.o)
 .data          0x00000000002004b0        0x0 /opt/riscv/riscv32-unknown-elf/lib/libc.a(lib_a-freer.o)
 .data          0x00000000002004b0        0x0 /opt/riscv/riscv32-unknown-elf/lib/libc.a(lib_a-fvwrite.o)
 .data          0x00000000002004b0        0x0 /opt/riscv/riscv32-unknown-elf/lib/libc.a(lib_a-fwalk.o)
 .data          0x00000000002004b0      0x408 /opt/riscv/riscv32-unknown-elf/lib/libc.a(lib_a-mallocr.o)
                0x00000000002004b0                __malloc_av_
 .data          0x00000000002008b8        0x0 /opt/riscv/riscv32-unknown-elf/lib/libc.a(lib_a-memchr.o)
 .data          0x00000000002008b8        0x0 /opt/riscv/riscv32-unknown-elf/lib/libc.a(lib_a-memcpy.o)
 .data          0x00000000002008b8        0x0 /opt/riscv/riscv32-unknown-elf/lib/libc.a(lib_a-memmove.o)
 .data          0x00000000002008b8        0x0 /opt/riscv/riscv32-unknown-elf/lib/libc.a(lib_a-mlock.o)
 .data          0x00000000002008b8        0x0 /opt/riscv/riscv32-unknown-elf/lib/libc.a(lib_a-reallocr.o)
 .data          0x00000000002008b8        0x0 /opt/riscv/riscv32-unknown-elf/lib/libc.a(lib_a-sbrkr.o)
 .data          0x00000000002008b8        0x0 /opt/riscv/riscv32-unknown-elf/lib/libc.a(lib_a-stdio.o)
 .data          0x00000000002008b8        0x0 /opt/riscv/riscv32-unknown-elf/lib/libc.a(lib_a-writer.o)
 .data          0x00000000002008b8        0x0 /opt/riscv/riscv32-unknown-elf/lib/libc.a(lib_a-wsetup.o)
 .data          0x00000000002008b8        0x0 /opt/riscv/riscv32-unknown-elf/lib/libc.a(lib_a-closer.o)
 .data          0x00000000002008b8        0x0 /opt/riscv/riscv32-unknown-elf/lib/libc.a(lib_a-fclose.o)
 .data          0x00000000002008b8        0x0 /opt/riscv/riscv32-unknown-elf/lib/libc.a(lib_a-fflush.o)
 .data          0x00000000002008b8        0x0 /opt/riscv/riscv32-unknown-elf/lib/libc.a(lib_a-lseekr.o)
 .data          0x00000000002008b8        0x0 /opt/riscv/riscv32-unknown-elf/lib/libc.a(lib_a-makebuf.o)
 .data          0x00000000002008b8        0x0 /opt/riscv/riscv32-unknown-elf/lib/libc.a(lib_a-readr.o)
 .data          0x00000000002008b8        0x0 /opt/riscv/riscv32-unknown-elf/lib/libc.a(lib_a-fstatr.o)
 .data          0x00000000002008b8        0x0 /opt/riscv/riscv32-unknown-elf/lib/libc.a(lib_a-isattyr.o)

.data1
 *(.data1)

.sdata          0x00000000002008b8       0x14
                0x00000000002008b8                __SDATA_BEGIN__ = .
 *(.srodata.cst16)
 *(.srodata.cst8)
 *(.srodata.cst4)
 *(.srodata.cst2)
 *(.srodata .srodata.*)
 *(.sdata .sdata.* .gnu.linkonce.s.*)
 .sdata         0x00000000002008b8        0x4 /tmp/ccYwS5lW.o
 .sdata         0x00000000002008bc        0x8 /opt/riscv/riscv32-unknown-elf/lib/libc.a(lib_a-impure.o)
                0x00000000002008bc                _global_impure_ptr
                0x00000000002008c0                _impure_ptr
 .sdata         0x00000000002008c4        0x8 /opt/riscv/riscv32-unknown-elf/lib/libc.a(lib_a-mallocr.o)
                0x00000000002008c4                __malloc_sbrk_base
                0x00000000002008c8                __malloc_trim_threshold
                0x00000000002008cc                _edata = .
                [!provide]                        PROVIDE (edata, .)
                0x00000000002008cc                . = .

.__RAM_DATA_START
                0x00000000002008d0        0x0
                0x00000000002008d0                __RAM_DATA_START = .
 *(.__RAM_DATA_START)
                0x00000000002008d0                __RAM_DATA_START = .
                0x00000000002008d0                __bss_start = .

.sbss           0x00000000002008cc        0xc
 *(.dynsbss)
 *(.sbss .sbss.* .gnu.linkonce.sb.*)
 .sbss          0x00000000002008cc        0xc /opt/riscv/riscv32-unknown-elf/lib/libc.a(lib_a-mallocr.o)
                0x00000000002008cc                __malloc_max_total_mem
                0x00000000002008d0                __malloc_max_sbrked_mem
                0x00000000002008d4                __malloc_top_pad
 *(.scommon)

.bss            0x00000000002008d8       0x2c
 *(.dynbss)
 *(.bss .bss.* .gnu.linkonce.b.*)
 .bss           0x00000000002008d8        0x0 /tmp/ccaYwAiE.o
 .bss           0x00000000002008d8        0x0 /tmp/ccyvUScN.o
 .bss           0x00000000002008d8        0x0 /tmp/ccYwS5lW.o
 .bss           0x00000000002008d8        0x0 /tmp/ccSGy0w5.o
 .bss           0x00000000002008d8        0x0 /tmp/cckFjgJe.o
 .bss           0x00000000002008d8        0x0 /tmp/ccUu7RWn.o
 .bss           0x00000000002008d8        0x0 /tmp/ccMbdhcx.o
 .bss           0x00000000002008d8        0x0 /opt/riscv/riscv32-unknown-elf/lib/libc.a(lib_a-atexit.o)
 .bss           0x00000000002008d8        0x0 /opt/riscv/riscv32-unknown-elf/lib/libc.a(lib_a-exit.o)
 .bss           0x00000000002008d8        0x0 /opt/riscv/riscv32-unknown-elf/lib/libc.a(lib_a-fini.o)
 .bss           0x00000000002008d8        0x0 /opt/riscv/riscv32-unknown-elf/lib/libc.a(lib_a-impure.o)
 .bss           0x00000000002008d8        0x0 /opt/riscv/riscv32-unknown-elf/lib/libc.a(lib_a-init.o)
 .bss           0x00000000002008d8        0x0 /opt/riscv/riscv32-unknown-elf/lib/libc.a(lib_a-memset.o)
 .bss           0x00000000002008d8        0x0 /opt/riscv/riscv32-unknown-elf/lib/libc.a(lib_a-puts.o)
 .bss           0x00000000002008d8        0x0 /opt/riscv/riscv32-unknown-elf/lib/libc.a(lib_a-reent.o)
 .bss           0x00000000002008d8        0x0 /opt/riscv/riscv32-unknown-elf/lib/libc.a(lib_a-strlen.o)
 .bss           0x00000000002008d8        0x0 /opt/riscv/riscv32-unknown-elf/lib/libc.a(lib_a-__atexit.o)
 .bss           0x00000000002008d8        0x0 /opt/riscv/riscv32-unknown-elf/lib/libc.a(lib_a-__call_atexit.o)
 .bss           0x00000000002008d8        0x0 /opt/riscv/riscv32-unknown-elf/lib/libc.a(lib_a-findfp.o)
 .bss           0x00000000002008d8        0x0 /opt/riscv/riscv32-unknown-elf/lib/libc.a(lib_a-freer.o)
 .bss           0x00000000002008d8        0x0 /opt/riscv/riscv32-unknown-elf/lib/libc.a(lib_a-fvwrite.o)
 .bss           0x00000000002008d8        0x0 /opt/riscv/riscv32-unknown-elf/lib/libc.a(lib_a-fwalk.o)
 .bss           0x00000000002008d8       0x28 /opt/riscv/riscv32-unknown-elf/lib/libc.a(lib_a-mallocr.o)
                0x00000000002008d8                __malloc_current_mallinfo
 .bss           0x0000000000200900        0x0 /opt/riscv/riscv32-unknown-elf/lib/libc.a(lib_a-memchr.o)
 .bss           0x0000000000200900        0x0 /opt/riscv/riscv32-unknown-elf/lib/libc.a(lib_a-memcpy.o)
 .bss           0x0000000000200900        0x0 /opt/riscv/riscv32-unknown-elf/lib/libc.a(lib_a-memmove.o)
 .bss           0x0000000000200900        0x0 /opt/riscv/riscv32-unknown-elf/lib/libc.a(lib_a-mlock.o)
 .bss           0x0000000000200900        0x0 /opt/riscv/riscv32-unknown-elf/lib/libc.a(lib_a-reallocr.o)
 .bss           0x0000000000200900        0x0 /opt/riscv/riscv32-unknown-elf/lib/libc.a(lib_a-sbrkr.o)
 .bss           0x0000000000200900        0x0 /opt/riscv/riscv32-unknown-elf/lib/libc.a(lib_a-stdio.o)
 .bss           0x0000000000200900        0x0 /opt/riscv/riscv32-unknown-elf/lib/libc.a(lib_a-writer.o)
 .bss           0x0000000000200900        0x0 /opt/riscv/riscv32-unknown-elf/lib/libc.a(lib_a-wsetup.o)
 .bss           0x0000000000200900        0x0 /opt/riscv/riscv32-unknown-elf/lib/libc.a(lib_a-closer.o)
 .bss           0x0000000000200900        0x0 /opt/riscv/riscv32-unknown-elf/lib/libc.a(lib_a-fclose.o)
 .bss           0x0000000000200900        0x0 /opt/riscv/riscv32-unknown-elf/lib/libc.a(lib_a-fflush.o)
 .bss           0x0000000000200900        0x0 /opt/riscv/riscv32-unknown-elf/lib/libc.a(lib_a-lseekr.o)
 .bss           0x0000000000200900        0x0 /opt/riscv/riscv32-unknown-elf/lib/libc.a(lib_a-makebuf.o)
 .bss           0x0000000000200900        0x0 /opt/riscv/riscv32-unknown-elf/lib/libc.a(lib_a-readr.o)
 .bss           0x0000000000200900        0x0 /opt/riscv/riscv32-unknown-elf/lib/libc.a(lib_a-fstatr.o)
 .bss           0x0000000000200900        0x0 /opt/riscv/riscv32-unknown-elf/lib/libc.a(lib_a-isattyr.o)
 *(COMMON)
 COMMON         0x0000000000200900        0x4 /opt/riscv/riscv32-unknown-elf/lib/libc.a(lib_a-reent.o)
                0x0000000000200900                errno
                0x0000000000200904                . = ALIGN ((. != 0x0)?0x4:0x1)
                0x0000000000200904                . = ALIGN (0x4)
                0x0000000000200904                . = SEGMENT_START ("ldata-segment", .)
                0x0000000000200904                . = ALIGN (0x4)
                0x0000000000200904                __BSS_END__ = .
                0x0000000000200904                __bss_end = .

.__RAM_DATA_END
                0x0000000000200910        0x0
                0x0000000000200910                __RAM_DATA_END = .
 *(.RAM_DATA_END)
                0x0000000000200910                __RAM_DATA_END = .
                0x0000000000200888                __global_pointer$ = MIN ((__SDATA_BEGIN__ + 0x800), MAX ((__DATA_BEGIN__ + 0x800), (__BSS_END__ - 0x800)))
                0x0000000000200910                _end = .
                [!provide]                        PROVIDE (end, .)
                0x0000000000200910                . = DATA_SEGMENT_END (.)

.heap           0x0000000000200904      0x400
                0x0000000000200904                PROVIDE (__heap_start, .)
                0x0000000000000400                . = __heap_size
 *fill*         0x0000000000200904      0x400 
                0x0000000000200d04                PROVIDE (__heap_end, .)

.stack          0x0000000000200d10      0x400
                [!provide]                        PROVIDE (__stack_start, .)
                0x0000000000000400                . = __stack_size
 *fill*         0x0000000000200d10      0x400 
                0x0000000000201110                PROVIDE (_sp, .)
                [!provide]                        PROVIDE (__stack_end, .)

.stab
 *(.stab)

.stabstr
 *(.stabstr)

.stab.excl
 *(.stab.excl)

.stab.exclstr
 *(.stab.exclstr)

.stab.index
 *(.stab.index)

.stab.indexstr
 *(.stab.indexstr)

.comment        0x0000000000000000       0x1a
 *(.comment)
 .comment       0x0000000000000000       0x1a /tmp/ccyvUScN.o
                                         0x1b (size before relaxing)
 .comment       0x000000000000001a       0x1b /tmp/ccYwS5lW.o
 .comment       0x000000000000001a       0x1b /opt/riscv/riscv32-unknown-elf/lib/libc.a(lib_a-atexit.o)
 .comment       0x000000000000001a       0x1b /opt/riscv/riscv32-unknown-elf/lib/libc.a(lib_a-exit.o)
 .comment       0x000000000000001a       0x1b /opt/riscv/riscv32-unknown-elf/lib/libc.a(lib_a-fini.o)
 .comment       0x000000000000001a       0x1b /opt/riscv/riscv32-unknown-elf/lib/libc.a(lib_a-impure.o)
 .comment       0x000000000000001a       0x1b /opt/riscv/riscv32-unknown-elf/lib/libc.a(lib_a-init.o)
 .comment       0x000000000000001a       0x1b /opt/riscv/riscv32-unknown-elf/lib/libc.a(lib_a-puts.o)
 .comment       0x000000000000001a       0x1b /opt/riscv/riscv32-unknown-elf/lib/libc.a(lib_a-reent.o)
 .comment       0x000000000000001a       0x1b /opt/riscv/riscv32-unknown-elf/lib/libc.a(lib_a-strlen.o)
 .comment       0x000000000000001a       0x1b /opt/riscv/riscv32-unknown-elf/lib/libc.a(lib_a-__atexit.o)
 .comment       0x000000000000001a       0x1b /opt/riscv/riscv32-unknown-elf/lib/libc.a(lib_a-__call_atexit.o)
 .comment       0x000000000000001a       0x1b /opt/riscv/riscv32-unknown-elf/lib/libc.a(lib_a-findfp.o)
 .comment       0x000000000000001a       0x1b /opt/riscv/riscv32-unknown-elf/lib/libc.a(lib_a-freer.o)
 .comment       0x000000000000001a       0x1b /opt/riscv/riscv32-unknown-elf/lib/libc.a(lib_a-fvwrite.o)
 .comment       0x000000000000001a       0x1b /opt/riscv/riscv32-unknown-elf/lib/libc.a(lib_a-fwalk.o)
 .comment       0x000000000000001a       0x1b /opt/riscv/riscv32-unknown-elf/lib/libc.a(lib_a-mallocr.o)
 .comment       0x000000000000001a       0x1b /opt/riscv/riscv32-unknown-elf/lib/libc.a(lib_a-memchr.o)
 .comment       0x000000000000001a       0x1b /opt/riscv/riscv32-unknown-elf/lib/libc.a(lib_a-memcpy.o)
 .comment       0x000000000000001a       0x1b /opt/riscv/riscv32-unknown-elf/lib/libc.a(lib_a-memmove.o)
 .comment       0x000000000000001a       0x1b /opt/riscv/riscv32-unknown-elf/lib/libc.a(lib_a-mlock.o)
 .comment       0x000000000000001a       0x1b /opt/riscv/riscv32-unknown-elf/lib/libc.a(lib_a-reallocr.o)
 .comment       0x000000000000001a       0x1b /opt/riscv/riscv32-unknown-elf/lib/libc.a(lib_a-sbrkr.o)
 .comment       0x000000000000001a       0x1b /opt/riscv/riscv32-unknown-elf/lib/libc.a(lib_a-stdio.o)
 .comment       0x000000000000001a       0x1b /opt/riscv/riscv32-unknown-elf/lib/libc.a(lib_a-writer.o)
 .comment       0x000000000000001a       0x1b /opt/riscv/riscv32-unknown-elf/lib/libc.a(lib_a-wsetup.o)
 .comment       0x000000000000001a       0x1b /opt/riscv/riscv32-unknown-elf/lib/libc.a(lib_a-closer.o)
 .comment       0x000000000000001a       0x1b /opt/riscv/riscv32-unknown-elf/lib/libc.a(lib_a-fclose.o)
 .comment       0x000000000000001a       0x1b /opt/riscv/riscv32-unknown-elf/lib/libc.a(lib_a-fflush.o)
 .comment       0x000000000000001a       0x1b /opt/riscv/riscv32-unknown-elf/lib/libc.a(lib_a-lseekr.o)
 .comment       0x000000000000001a       0x1b /opt/riscv/riscv32-unknown-elf/lib/libc.a(lib_a-makebuf.o)
 .comment       0x000000000000001a       0x1b /opt/riscv/riscv32-unknown-elf/lib/libc.a(lib_a-readr.o)
 .comment       0x000000000000001a       0x1b /opt/riscv/riscv32-unknown-elf/lib/libc.a(lib_a-fstatr.o)
 .comment       0x000000000000001a       0x1b /opt/riscv/riscv32-unknown-elf/lib/libc.a(lib_a-isattyr.o)

.Pulp_Chip.Info
                0x0000000000000000       0x4e
 .Pulp_Chip.Info
                0x0000000000000000       0x4e /tmp/ccaYwAiE.o
 .Pulp_Chip.Info
                0x000000000000004e        0x0 /tmp/ccyvUScN.o
 .Pulp_Chip.Info
                0x000000000000004e        0x0 /tmp/ccYwS5lW.o
 .Pulp_Chip.Info
                0x000000000000004e        0x0 /tmp/ccSGy0w5.o
 .Pulp_Chip.Info
                0x000000000000004e        0x0 /tmp/cckFjgJe.o
 .Pulp_Chip.Info
                0x000000000000004e        0x0 /tmp/ccUu7RWn.o
 .Pulp_Chip.Info
                0x000000000000004e        0x0 /tmp/ccMbdhcx.o
 .Pulp_Chip.Info
                0x000000000000004e        0x0 /opt/riscv/riscv32-unknown-elf/lib/libc.a(lib_a-atexit.o)
 .Pulp_Chip.Info
                0x000000000000004e        0x0 /opt/riscv/riscv32-unknown-elf/lib/libc.a(lib_a-exit.o)
 .Pulp_Chip.Info
                0x000000000000004e        0x0 /opt/riscv/riscv32-unknown-elf/lib/libc.a(lib_a-fini.o)
 .Pulp_Chip.Info
                0x000000000000004e        0x0 /opt/riscv/riscv32-unknown-elf/lib/libc.a(lib_a-impure.o)
 .Pulp_Chip.Info
                0x000000000000004e        0x0 /opt/riscv/riscv32-unknown-elf/lib/libc.a(lib_a-init.o)
 .Pulp_Chip.Info
                0x000000000000004e        0x0 /opt/riscv/riscv32-unknown-elf/lib/libc.a(lib_a-memset.o)
 .Pulp_Chip.Info
                0x000000000000004e        0x0 /opt/riscv/riscv32-unknown-elf/lib/libc.a(lib_a-puts.o)
 .Pulp_Chip.Info
                0x000000000000004e        0x0 /opt/riscv/riscv32-unknown-elf/lib/libc.a(lib_a-reent.o)
 .Pulp_Chip.Info
                0x000000000000004e        0x0 /opt/riscv/riscv32-unknown-elf/lib/libc.a(lib_a-strlen.o)
 .Pulp_Chip.Info
                0x000000000000004e        0x0 /opt/riscv/riscv32-unknown-elf/lib/libc.a(lib_a-__atexit.o)
 .Pulp_Chip.Info
                0x000000000000004e        0x0 /opt/riscv/riscv32-unknown-elf/lib/libc.a(lib_a-__call_atexit.o)
 .Pulp_Chip.Info
                0x000000000000004e        0x0 /opt/riscv/riscv32-unknown-elf/lib/libc.a(lib_a-findfp.o)
 .Pulp_Chip.Info
                0x000000000000004e        0x0 /opt/riscv/riscv32-unknown-elf/lib/libc.a(lib_a-freer.o)
 .Pulp_Chip.Info
                0x000000000000004e        0x0 /opt/riscv/riscv32-unknown-elf/lib/libc.a(lib_a-fvwrite.o)
 .Pulp_Chip.Info
                0x000000000000004e        0x0 /opt/riscv/riscv32-unknown-elf/lib/libc.a(lib_a-fwalk.o)
 .Pulp_Chip.Info
                0x000000000000004e        0x0 /opt/riscv/riscv32-unknown-elf/lib/libc.a(lib_a-mallocr.o)
 .Pulp_Chip.Info
                0x000000000000004e        0x0 /opt/riscv/riscv32-unknown-elf/lib/libc.a(lib_a-memchr.o)
 .Pulp_Chip.Info
                0x000000000000004e        0x0 /opt/riscv/riscv32-unknown-elf/lib/libc.a(lib_a-memcpy.o)
 .Pulp_Chip.Info
                0x000000000000004e        0x0 /opt/riscv/riscv32-unknown-elf/lib/libc.a(lib_a-memmove.o)
 .Pulp_Chip.Info
                0x000000000000004e        0x0 /opt/riscv/riscv32-unknown-elf/lib/libc.a(lib_a-mlock.o)
 .Pulp_Chip.Info
                0x000000000000004e        0x0 /opt/riscv/riscv32-unknown-elf/lib/libc.a(lib_a-reallocr.o)
 .Pulp_Chip.Info
                0x000000000000004e        0x0 /opt/riscv/riscv32-unknown-elf/lib/libc.a(lib_a-sbrkr.o)
 .Pulp_Chip.Info
                0x000000000000004e        0x0 /opt/riscv/riscv32-unknown-elf/lib/libc.a(lib_a-stdio.o)
 .Pulp_Chip.Info
                0x000000000000004e        0x0 /opt/riscv/riscv32-unknown-elf/lib/libc.a(lib_a-writer.o)
 .Pulp_Chip.Info
                0x000000000000004e        0x0 /opt/riscv/riscv32-unknown-elf/lib/libc.a(lib_a-wsetup.o)
 .Pulp_Chip.Info
                0x000000000000004e        0x0 /opt/riscv/riscv32-unknown-elf/lib/libc.a(lib_a-closer.o)
 .Pulp_Chip.Info
                0x000000000000004e        0x0 /opt/riscv/riscv32-unknown-elf/lib/libc.a(lib_a-fclose.o)
 .Pulp_Chip.Info
                0x000000000000004e        0x0 /opt/riscv/riscv32-unknown-elf/lib/libc.a(lib_a-fflush.o)
 .Pulp_Chip.Info
                0x000000000000004e        0x0 /opt/riscv/riscv32-unknown-elf/lib/libc.a(lib_a-lseekr.o)
 .Pulp_Chip.Info
                0x000000000000004e        0x0 /opt/riscv/riscv32-unknown-elf/lib/libc.a(lib_a-makebuf.o)
 .Pulp_Chip.Info
                0x000000000000004e        0x0 /opt/riscv/riscv32-unknown-elf/lib/libc.a(lib_a-readr.o)
 .Pulp_Chip.Info
                0x000000000000004e        0x0 /opt/riscv/riscv32-unknown-elf/lib/libc.a(lib_a-fstatr.o)
 .Pulp_Chip.Info
                0x000000000000004e        0x0 /opt/riscv/riscv32-unknown-elf/lib/libc.a(lib_a-isattyr.o)

.debug
 *(.debug)

.line
 *(.line)

.debug_srcinfo
 *(.debug_srcinfo)

.debug_sfnames
 *(.debug_sfnames)

.debug_aranges  0x0000000000000000       0xe8
 *(.debug_aranges)
 .debug_aranges
                0x0000000000000000       0x20 /tmp/ccaYwAiE.o
 .debug_aranges
                0x0000000000000020       0x20 /tmp/ccyvUScN.o
 .debug_aranges
                0x0000000000000040       0x20 /tmp/ccYwS5lW.o
 .debug_aranges
                0x0000000000000060       0x28 /tmp/ccSGy0w5.o
 .debug_aranges
                0x0000000000000088       0x20 /tmp/cckFjgJe.o
 .debug_aranges
                0x00000000000000a8       0x20 /tmp/ccUu7RWn.o
 .debug_aranges
                0x00000000000000c8       0x20 /tmp/ccMbdhcx.o

.debug_pubnames
 *(.debug_pubnames)

.debug_info     0x0000000000000000     0x1e62
 *(.debug_info .gnu.linkonce.wi.*)
 .debug_info    0x0000000000000000       0x67 /tmp/ccaYwAiE.o
 .debug_info    0x0000000000000067      0x939 /tmp/ccyvUScN.o
 .debug_info    0x00000000000009a0     0x1318 /tmp/ccYwS5lW.o
 .debug_info    0x0000000000001cb8       0x66 /tmp/ccSGy0w5.o
 .debug_info    0x0000000000001d1e       0x6c /tmp/cckFjgJe.o
 .debug_info    0x0000000000001d8a       0x72 /tmp/ccUu7RWn.o
 .debug_info    0x0000000000001dfc       0x66 /tmp/ccMbdhcx.o

.debug_abbrev   0x0000000000000000      0x563
 *(.debug_abbrev)
 .debug_abbrev  0x0000000000000000       0x14 /tmp/ccaYwAiE.o
 .debug_abbrev  0x0000000000000014      0x1df /tmp/ccyvUScN.o
 .debug_abbrev  0x00000000000001f3      0x322 /tmp/ccYwS5lW.o
 .debug_abbrev  0x0000000000000515       0x12 /tmp/ccSGy0w5.o
 .debug_abbrev  0x0000000000000527       0x14 /tmp/cckFjgJe.o
 .debug_abbrev  0x000000000000053b       0x14 /tmp/ccUu7RWn.o
 .debug_abbrev  0x000000000000054f       0x14 /tmp/ccMbdhcx.o

.debug_line     0x0000000000000000     0x50ed
 *(.debug_line .debug_line.* .debug_line_end)
 .debug_line    0x0000000000000000      0x163 /tmp/ccaYwAiE.o
 .debug_line    0x0000000000000163      0x147 /tmp/ccyvUScN.o
 .debug_line    0x00000000000002aa      0x3e9 /tmp/ccYwS5lW.o
 .debug_line    0x0000000000000693      0x1b2 /tmp/ccSGy0w5.o
 .debug_line    0x0000000000000845      0x2f8 /tmp/cckFjgJe.o
 .debug_line    0x0000000000000b3d      0x232 /tmp/ccUu7RWn.o
 .debug_line    0x0000000000000d6f     0x437e /tmp/ccMbdhcx.o

.debug_frame    0x0000000000000000      0x260
 *(.debug_frame)
 .debug_frame   0x0000000000000000       0x30 /tmp/ccyvUScN.o
 .debug_frame   0x0000000000000030      0x230 /tmp/ccYwS5lW.o

.debug_str      0x0000000000000000      0x7bd
 *(.debug_str)
 .debug_str     0x0000000000000000      0x4ae /tmp/ccyvUScN.o
                                        0x516 (size before relaxing)
 .debug_str     0x00000000000004ae      0x30f /tmp/ccYwS5lW.o
                                        0x8b4 (size before relaxing)

.debug_loc      0x0000000000000000      0x480
 *(.debug_loc)
 .debug_loc     0x0000000000000000       0x61 /tmp/ccyvUScN.o
 .debug_loc     0x0000000000000061      0x41f /tmp/ccYwS5lW.o

.debug_macinfo
 *(.debug_macinfo)

.debug_weaknames
 *(.debug_weaknames)

.debug_funcnames
 *(.debug_funcnames)

.debug_typenames
 *(.debug_typenames)

.debug_varnames
 *(.debug_varnames)

.debug_pubtypes
 *(.debug_pubtypes)

.debug_ranges   0x0000000000000000       0x30
 *(.debug_ranges)
 .debug_ranges  0x0000000000000000       0x10 /tmp/ccyvUScN.o
 .debug_ranges  0x0000000000000010       0x20 /tmp/ccSGy0w5.o

.debug_macro
 *(.debug_macro)

.debug_addr
 *(.debug_addr)

.gnu.attributes
 *(.gnu.attributes)

/DISCARD/
 *(.note.GNU-stack)
 *(.gnu_debuglink)
 *(.gnu.lto_*)
OUTPUT(sbst.elf elf32-littleriscv)
