Archive member included to satisfy reference by file (symbol)

/opt/riscv/riscv32-unknown-elf/lib/libc.a(lib_a-atexit.o)
                              /tmp/cc5l4D6M.o (atexit)
/opt/riscv/riscv32-unknown-elf/lib/libc.a(lib_a-exit.o)
                              /tmp/cc5l4D6M.o (exit)
/opt/riscv/riscv32-unknown-elf/lib/libc.a(lib_a-fini.o)
                              /tmp/cc5l4D6M.o (__libc_fini_array)
/opt/riscv/riscv32-unknown-elf/lib/libc.a(lib_a-impure.o)
                              /opt/riscv/riscv32-unknown-elf/lib/libc.a(lib_a-exit.o) (_global_impure_ptr)
/opt/riscv/riscv32-unknown-elf/lib/libc.a(lib_a-init.o)
                              /tmp/cc5l4D6M.o (__libc_init_array)
/opt/riscv/riscv32-unknown-elf/lib/libc.a(lib_a-memcpy.o)
                              /tmp/cc5l4D6M.o (memcpy)
/opt/riscv/riscv32-unknown-elf/lib/libc.a(lib_a-memset.o)
                              /tmp/cc5l4D6M.o (memset)
/opt/riscv/riscv32-unknown-elf/lib/libc.a(lib_a-puts.o)
                              /tmp/ccHpjlcc.o (puts)
/opt/riscv/riscv32-unknown-elf/lib/libc.a(lib_a-reent.o)
                              /tmp/ccH6cRI3.o (errno)
/opt/riscv/riscv32-unknown-elf/lib/libc.a(lib_a-strlen.o)
                              /opt/riscv/riscv32-unknown-elf/lib/libc.a(lib_a-puts.o) (strlen)
/opt/riscv/riscv32-unknown-elf/lib/libc.a(lib_a-__atexit.o)
                              /opt/riscv/riscv32-unknown-elf/lib/libc.a(lib_a-atexit.o) (__register_exitproc)
/opt/riscv/riscv32-unknown-elf/lib/libc.a(lib_a-__call_atexit.o)
                              /opt/riscv/riscv32-unknown-elf/lib/libc.a(lib_a-exit.o) (__call_exitprocs)
/opt/riscv/riscv32-unknown-elf/lib/libc.a(lib_a-findfp.o)
                              /opt/riscv/riscv32-unknown-elf/lib/libc.a(lib_a-puts.o) (__sinit)
/opt/riscv/riscv32-unknown-elf/lib/libc.a(lib_a-freer.o)
                              /opt/riscv/riscv32-unknown-elf/lib/libc.a(lib_a-reent.o) (_free_r)
/opt/riscv/riscv32-unknown-elf/lib/libc.a(lib_a-fvwrite.o)
                              /opt/riscv/riscv32-unknown-elf/lib/libc.a(lib_a-puts.o) (__sfvwrite_r)
/opt/riscv/riscv32-unknown-elf/lib/libc.a(lib_a-fwalk.o)
                              /opt/riscv/riscv32-unknown-elf/lib/libc.a(lib_a-findfp.o) (_fwalk)
/opt/riscv/riscv32-unknown-elf/lib/libc.a(lib_a-mallocr.o)
                              /opt/riscv/riscv32-unknown-elf/lib/libc.a(lib_a-findfp.o) (_malloc_r)
/opt/riscv/riscv32-unknown-elf/lib/libc.a(lib_a-memchr.o)
                              /opt/riscv/riscv32-unknown-elf/lib/libc.a(lib_a-fvwrite.o) (memchr)
/opt/riscv/riscv32-unknown-elf/lib/libc.a(lib_a-memmove.o)
                              /opt/riscv/riscv32-unknown-elf/lib/libc.a(lib_a-fvwrite.o) (memmove)
/opt/riscv/riscv32-unknown-elf/lib/libc.a(lib_a-mlock.o)
                              /opt/riscv/riscv32-unknown-elf/lib/libc.a(lib_a-freer.o) (__malloc_lock)
/opt/riscv/riscv32-unknown-elf/lib/libc.a(lib_a-reallocr.o)
                              /opt/riscv/riscv32-unknown-elf/lib/libc.a(lib_a-fvwrite.o) (_realloc_r)
/opt/riscv/riscv32-unknown-elf/lib/libc.a(lib_a-sbrkr.o)
                              /opt/riscv/riscv32-unknown-elf/lib/libc.a(lib_a-freer.o) (_sbrk_r)
/opt/riscv/riscv32-unknown-elf/lib/libc.a(lib_a-stdio.o)
                              /opt/riscv/riscv32-unknown-elf/lib/libc.a(lib_a-findfp.o) (__sread)
/opt/riscv/riscv32-unknown-elf/lib/libc.a(lib_a-writer.o)
                              /opt/riscv/riscv32-unknown-elf/lib/libc.a(lib_a-stdio.o) (_write_r)
/opt/riscv/riscv32-unknown-elf/lib/libc.a(lib_a-wsetup.o)
                              /opt/riscv/riscv32-unknown-elf/lib/libc.a(lib_a-fvwrite.o) (__swsetup_r)
/opt/riscv/riscv32-unknown-elf/lib/libc.a(lib_a-closer.o)
                              /opt/riscv/riscv32-unknown-elf/lib/libc.a(lib_a-stdio.o) (_close_r)
/opt/riscv/riscv32-unknown-elf/lib/libc.a(lib_a-fclose.o)
                              /opt/riscv/riscv32-unknown-elf/lib/libc.a(lib_a-findfp.o) (_fclose_r)
/opt/riscv/riscv32-unknown-elf/lib/libc.a(lib_a-fflush.o)
                              /opt/riscv/riscv32-unknown-elf/lib/libc.a(lib_a-fclose.o) (__sflush_r)
/opt/riscv/riscv32-unknown-elf/lib/libc.a(lib_a-lseekr.o)
                              /opt/riscv/riscv32-unknown-elf/lib/libc.a(lib_a-stdio.o) (_lseek_r)
/opt/riscv/riscv32-unknown-elf/lib/libc.a(lib_a-makebuf.o)
                              /opt/riscv/riscv32-unknown-elf/lib/libc.a(lib_a-wsetup.o) (__smakebuf_r)
/opt/riscv/riscv32-unknown-elf/lib/libc.a(lib_a-readr.o)
                              /opt/riscv/riscv32-unknown-elf/lib/libc.a(lib_a-stdio.o) (_read_r)
/opt/riscv/riscv32-unknown-elf/lib/libc.a(lib_a-fstatr.o)
                              /opt/riscv/riscv32-unknown-elf/lib/libc.a(lib_a-makebuf.o) (_fstat_r)
/opt/riscv/riscv32-unknown-elf/lib/libc.a(lib_a-isattyr.o)
                              /opt/riscv/riscv32-unknown-elf/lib/libc.a(lib_a-makebuf.o) (_isatty_r)

Allocating common symbols
Common symbol       size              file

errno               0x4               /opt/riscv/riscv32-unknown-elf/lib/libc.a(lib_a-reent.o)

Memory Configuration

Name             Origin             Length             Attributes
instrram         0x0000000000000000 0x00000000001c0000 axrl
copyram          0x00000000001c0000 0x0000000000040000 axrl
dataram          0x0000000000200000 0x0000000000040000 arwl
*default*        0x0000000000000000 0xffffffffffffffff

Linker script and memory map

LOAD /tmp/cc5l4D6M.o
LOAD /tmp/ccb6WKhV.o
LOAD /tmp/ccH6cRI3.o
LOAD /tmp/ccHpjlcc.o
LOAD /tmp/cc3Fa9Gk.o
LOAD /tmp/ccDe0Met.o
LOAD /tmp/ccxzDDTB.o
LOAD /tmp/ccLTPeBK.o
LOAD /tmp/ccRevulT.o
LOAD /opt/riscv/riscv32-unknown-elf/lib/libc.a
LOAD /opt/riscv/riscv32-unknown-elf/lib/libm.a
LOAD /opt/riscv/lib/gcc/riscv32-unknown-elf/7.1.1/libgcc.a
                0x0000000000000400                __TEST_DATA_SIZE = 0x400
                0x0000000000200000                __RAM_START = ORIGIN (dataram)
                0x0000000000040000                __RAM_SIZE = LENGTH (dataram)
                0x0000000000240000                __RAM_END = (__RAM_START + __RAM_SIZE)
                0x0000000000000080                PROVIDE (__boot_address, 0x80)
                0x0000000000000400                __stack_size = DEFINED (__stack_size)?__stack_size:0x400
                [!provide]                        PROVIDE (__stack_size, __stack_size)
                0x0000000000000400                __heap_size = DEFINED (__heap_size)?__heap_size:0x400
                [!provide]                        PROVIDE (__executable_start, SEGMENT_START ("text-segment", 0x10000))
                0x0000000000010074                . = (SEGMENT_START ("text-segment", 0x10000) + SIZEOF_HEADERS)

.vectors        0x0000000000000000       0x80
                0x0000000000000000                PROVIDE (__vector_start, .)
 *(.vectors)
 .vectors       0x0000000000000000       0x80 /tmp/ccHpjlcc.o

.init           0x0000000000000080       0xfe
 *(SORT(.init))
 *(.text.start)
 .text.start    0x0000000000000080       0xfe /tmp/cc5l4D6M.o
                0x0000000000000080                _start
                0x000000000000017c                _init
                0x000000000000017c                _fini

.text           0x000000000000017e    0x12080
 *(.text.unlikely .text.*_unlikely .text.unlikely.*)
 *(.text.exit .text.exit.*)
 *(.text.startup .text.startup.*)
 .text.startup  0x000000000000017e        0x4 /tmp/ccb6WKhV.o
                0x000000000000017e                main
 *(.text.hot .text.hot.*)
 *(.text .stub .text.* .gnu.linkonce.t.*)
 .text          0x0000000000000182        0x0 /tmp/cc5l4D6M.o
 .text          0x0000000000000182        0x0 /tmp/ccb6WKhV.o
 .text          0x0000000000000182      0x18e /tmp/ccH6cRI3.o
                0x0000000000000182                unimplemented_syscall
                0x000000000000019a                nanosleep
                0x00000000000001a6                _access
                0x00000000000001b2                _chdir
                0x00000000000001be                _chmod
                0x00000000000001ca                _chown
                0x00000000000001d6                close
                0x00000000000001da                _execve
                0x00000000000001e4                _exit
                0x00000000000001f0                _faccessat
                0x00000000000001fc                _fork
                0x0000000000000206                fstat
                0x000000000000020e                _fstatat
                0x000000000000021a                _ftime
                0x0000000000000226                _getcwd
                0x0000000000000232                _getpid
                0x0000000000000236                _gettimeofday
                0x0000000000000242                isatty
                0x000000000000024a                _kill
                0x0000000000000254                _link
                0x000000000000025e                lseek
                0x0000000000000262                _lstat
                0x000000000000026e                _open
                0x0000000000000272                _openat
                0x000000000000027e                read
                0x0000000000000282                _stat
                0x000000000000028a                _sysconf
                0x000000000000028e                _times
                0x0000000000000292                _unlink
                0x000000000000029c                _utime
                0x00000000000002a8                _wait
                0x00000000000002b2                write
                0x00000000000002d8                _brk
                0x00000000000002e0                sbrk
 .text          0x0000000000000310        0x0 /tmp/ccHpjlcc.o
 .text.vecs     0x0000000000000310       0x8c /tmp/ccHpjlcc.o
 .text          0x000000000000039c        0x0 /tmp/cc3Fa9Gk.o
 .text.run_march_algorithm
                0x000000000000039c      0x1a4 /tmp/cc3Fa9Gk.o
                0x00000000000004ac                _run_march_algorithm
 .text          0x0000000000000540        0x0 /tmp/ccDe0Met.o
 .text.alu_test
                0x0000000000000540     0xb342 /tmp/ccDe0Met.o
                0x0000000000000540                _alu_test
 .text          0x000000000000b882        0x0 /tmp/ccxzDDTB.o
 .text.mul_test
                0x000000000000b882     0x230c /tmp/ccxzDDTB.o
                0x000000000000b882                _mul_test
 .text          0x000000000000db8e        0x0 /tmp/ccLTPeBK.o
 .text.rf_test  0x000000000000db8e     0x2b0e /tmp/ccLTPeBK.o
                0x000000000000db8e                _rf_test
 .text          0x000000000001069c        0x0 /tmp/ccRevulT.o
 .text.scheduler_test
                0x000000000001069c       0x84 /tmp/ccRevulT.o
                0x000000000001069c                _scheduler_test
 .text          0x0000000000010720        0xa /opt/riscv/riscv32-unknown-elf/lib/libc.a(lib_a-atexit.o)
                0x0000000000010720                atexit
 .text          0x000000000001072a       0x1c /opt/riscv/riscv32-unknown-elf/lib/libc.a(lib_a-exit.o)
                0x000000000001072a                exit
 .text          0x0000000000010746       0x48 /opt/riscv/riscv32-unknown-elf/lib/libc.a(lib_a-fini.o)
                0x0000000000010746                __libc_fini_array
 .text          0x000000000001078e        0x0 /opt/riscv/riscv32-unknown-elf/lib/libc.a(lib_a-impure.o)
 .text          0x000000000001078e       0x62 /opt/riscv/riscv32-unknown-elf/lib/libc.a(lib_a-init.o)
                0x000000000001078e                __libc_init_array
 .text          0x00000000000107f0       0xbe /opt/riscv/riscv32-unknown-elf/lib/libc.a(lib_a-memcpy.o)
                0x00000000000107f0                memcpy
 .text          0x00000000000108ae       0xa8 /opt/riscv/riscv32-unknown-elf/lib/libc.a(lib_a-memset.o)
                0x00000000000108ae                memset
 .text          0x0000000000010956       0x78 /opt/riscv/riscv32-unknown-elf/lib/libc.a(lib_a-puts.o)
                0x0000000000010956                _puts_r
                0x00000000000109c6                puts
 .text          0x00000000000109ce       0xba /opt/riscv/riscv32-unknown-elf/lib/libc.a(lib_a-reent.o)
                0x00000000000109ce                cleanup_glue
                0x00000000000109ee                _reclaim_reent
 .text          0x0000000000010a88       0x12 /opt/riscv/riscv32-unknown-elf/lib/libc.a(lib_a-strlen.o)
                0x0000000000010a88                strlen
 .text          0x0000000000010a9a       0x60 /opt/riscv/riscv32-unknown-elf/lib/libc.a(lib_a-__atexit.o)
                0x0000000000010a9a                __register_exitproc
 .text          0x0000000000010afa       0xaa /opt/riscv/riscv32-unknown-elf/lib/libc.a(lib_a-__call_atexit.o)
                0x0000000000010afa                __call_exitprocs
 .text          0x0000000000010ba4      0x1d2 /opt/riscv/riscv32-unknown-elf/lib/libc.a(lib_a-findfp.o)
                0x0000000000010ba8                _cleanup_r
                0x0000000000010c20                __sfmoreglue
                0x0000000000010c66                _cleanup
                0x0000000000010c6c                __sinit
                0x0000000000010cba                __sfp
                0x0000000000010d52                __sfp_lock_acquire
                0x0000000000010d54                __sfp_lock_release
                0x0000000000010d56                __sinit_lock_acquire
                0x0000000000010d58                __sinit_lock_release
                0x0000000000010d5a                __fp_lock_all
                0x0000000000010d68                __fp_unlock_all
 .text          0x0000000000010d76      0x256 /opt/riscv/riscv32-unknown-elf/lib/libc.a(lib_a-freer.o)
                0x0000000000010d76                _malloc_trim_r
                0x0000000000010e2e                _free_r
 .text          0x0000000000010fcc      0x2da /opt/riscv/riscv32-unknown-elf/lib/libc.a(lib_a-fvwrite.o)
                0x0000000000010fcc                __sfvwrite_r
 .text          0x00000000000112a6       0xce /opt/riscv/riscv32-unknown-elf/lib/libc.a(lib_a-fwalk.o)
                0x00000000000112a6                _fwalk
                0x0000000000011308                _fwalk_reent
 .text          0x0000000000011374      0x48c /opt/riscv/riscv32-unknown-elf/lib/libc.a(lib_a-mallocr.o)
                0x0000000000011374                _malloc_r
 .text          0x0000000000011800       0x1a /opt/riscv/riscv32-unknown-elf/lib/libc.a(lib_a-memchr.o)
                0x0000000000011800                memchr
 .text          0x000000000001181a       0x3e /opt/riscv/riscv32-unknown-elf/lib/libc.a(lib_a-memmove.o)
                0x000000000001181a                memmove
 .text          0x0000000000011858        0x4 /opt/riscv/riscv32-unknown-elf/lib/libc.a(lib_a-mlock.o)
                0x0000000000011858                __malloc_lock
                0x000000000001185a                __malloc_unlock
 .text          0x000000000001185c      0x38e /opt/riscv/riscv32-unknown-elf/lib/libc.a(lib_a-reallocr.o)
                0x000000000001185c                _realloc_r
 .text          0x0000000000011bea       0x2c /opt/riscv/riscv32-unknown-elf/lib/libc.a(lib_a-sbrkr.o)
                0x0000000000011bea                _sbrk_r
 .text          0x0000000000011c16       0xbe /opt/riscv/riscv32-unknown-elf/lib/libc.a(lib_a-stdio.o)
                0x0000000000011c16                __sread
                0x0000000000011c46                __seofread
                0x0000000000011c4a                __swrite
                0x0000000000011c98                __sseek
                0x0000000000011cce                __sclose
 .text          0x0000000000011cd4       0x30 /opt/riscv/riscv32-unknown-elf/lib/libc.a(lib_a-writer.o)
                0x0000000000011cd4                _write_r
 .text          0x0000000000011d04       0xd8 /opt/riscv/riscv32-unknown-elf/lib/libc.a(lib_a-wsetup.o)
                0x0000000000011d04                __swsetup_r
 .text          0x0000000000011ddc       0x2c /opt/riscv/riscv32-unknown-elf/lib/libc.a(lib_a-closer.o)
                0x0000000000011ddc                _close_r
 .text          0x0000000000011e08       0x94 /opt/riscv/riscv32-unknown-elf/lib/libc.a(lib_a-fclose.o)
                0x0000000000011e08                _fclose_r
                0x0000000000011e94                fclose
 .text          0x0000000000011e9c      0x1a6 /opt/riscv/riscv32-unknown-elf/lib/libc.a(lib_a-fflush.o)
                0x0000000000011e9c                __sflush_r
                0x0000000000011ff8                _fflush_r
                0x0000000000012028                fflush
 .text          0x0000000000012042       0x30 /opt/riscv/riscv32-unknown-elf/lib/libc.a(lib_a-lseekr.o)
                0x0000000000012042                _lseek_r
 .text          0x0000000000012072      0x102 /opt/riscv/riscv32-unknown-elf/lib/libc.a(lib_a-makebuf.o)
                0x0000000000012072                __swhatbuf_r
                0x00000000000120d6                __smakebuf_r
 .text          0x0000000000012174       0x30 /opt/riscv/riscv32-unknown-elf/lib/libc.a(lib_a-readr.o)
                0x0000000000012174                _read_r
 .text          0x00000000000121a4       0x2e /opt/riscv/riscv32-unknown-elf/lib/libc.a(lib_a-fstatr.o)
                0x00000000000121a4                _fstat_r
 .text          0x00000000000121d2       0x2c /opt/riscv/riscv32-unknown-elf/lib/libc.a(lib_a-isattyr.o)
                0x00000000000121d2                _isatty_r
 *(.gnu.warning)

.fini
 *(SORT(.fini))
                [!provide]                        PROVIDE (__etext, .)
                [!provide]                        PROVIDE (_etext, .)
                [!provide]                        PROVIDE (etext, .)

.rodata         0x0000000000012200       0xdc
 *(.rodata .rodata.* .gnu.linkonce.r.*)
 .rodata.str1.4
                0x0000000000012200       0x23 /tmp/ccH6cRI3.o
 .rodata        0x0000000000012223       0xb5 /tmp/ccHpjlcc.o
 .rodata.str1.4
                0x00000000000122d8        0x4 /opt/riscv/riscv32-unknown-elf/lib/libc.a(lib_a-puts.o)
                                          0x2 (size before relaxing)

.rodata1
 *(.rodata1)

.eh_frame_hdr
 *(.eh_frame_hdr)
 *(.eh_frame_entry .eh_frame_entry.*)

.eh_frame
 *(.eh_frame)
 *(.eh_frame.*)

.gcc_except_table
 *(.gcc_except_table .gcc_except_table.*)

.gnu_extab
 *(.gnu_extab*)
                0x00000000000132dc                . = DATA_SEGMENT_ALIGN (CONSTANT (MAXPAGESIZE), CONSTANT (COMMONPAGESIZE))

.eh_frame
 *(.eh_frame)
 *(.eh_frame.*)

.gnu_extab
 *(.gnu_extab)

.gcc_except_table
 *(.gcc_except_table .gcc_except_table.*)

.exception_ranges
 *(.exception_ranges .exception_ranges*)

.tdata          0x00000000000122dc        0x0
                [!provide]                        PROVIDE (__tdata_start, .)
 *(.tdata .tdata.* .gnu.linkonce.td.*)

.tbss
 *(.tbss .tbss.* .gnu.linkonce.tb.*)
 *(.tcommon)

.preinit_array  0x00000000000122dc        0x0
                0x00000000000122dc                PROVIDE (__preinit_array_start, .)
 *(.preinit_array)
                0x00000000000122dc                PROVIDE (__preinit_array_end, .)

.init_array     0x00000000000122dc        0x0
                0x00000000000122dc                PROVIDE (__init_array_start, .)
 *(SORT(.init_array.*) SORT(.ctors.*))
 *(.init_array EXCLUDE_FILE(*crtend?.o *crtend.o *crtbegin?.o *crtbegin.o) .ctors)
                0x00000000000122dc                PROVIDE (__init_array_end, .)

.fini_array     0x00000000000122dc        0x0
                0x00000000000122dc                PROVIDE (__fini_array_start, .)
 *(SORT(.fini_array.*) SORT(.dtors.*))
 *(.fini_array EXCLUDE_FILE(*crtend?.o *crtend.o *crtbegin?.o *crtbegin.o) .dtors)
                0x00000000000122dc                PROVIDE (__fini_array_end, .)

.ctors
 *crtbegin.o(.ctors)
 *crtbegin?.o(.ctors)
 *(EXCLUDE_FILE(*crtend?.o *crtend.o) .ctors)
 *(SORT(.ctors.*))
 *(.ctors)

.dtors
 *crtbegin.o(.dtors)
 *crtbegin?.o(.dtors)
 *(EXCLUDE_FILE(*crtend?.o *crtend.o) .dtors)
 *(SORT(.dtors.*))
 *(.dtors)

.TEST_RODATA    0x00000000000122e0       0x5c
                0x00000000000122e0                __TEST_RODATA_START = .
 *(.TEST_RODATA)
 .TEST_RODATA   0x00000000000122e0       0x5c /tmp/cc5l4D6M.o
                0x000000000001233c                __TEST_RODATA_END = .

.rela.dyn       0x000000000001233c        0x0
 .rela.text.start
                0x000000000001233c        0x0 /tmp/cc5l4D6M.o
 .rela.text     0x000000000001233c        0x0 /tmp/cc5l4D6M.o
 .rela.sdata    0x000000000001233c        0x0 /tmp/cc5l4D6M.o
 .rela.text.vecs
                0x000000000001233c        0x0 /tmp/cc5l4D6M.o
 .rela.text.run_march_algorithm
                0x000000000001233c        0x0 /tmp/cc5l4D6M.o
                0x000000000001233c                . = DATA_SEGMENT_RELRO_END (., 0x0)

.TEST_DATA      0x0000000000200000        0x0
                0x0000000000200000                __TEST_DATA_START = .
                0x00000000001c0000                __ROM_TEST_DATA_START = ((. - ORIGIN (dataram)) + ORIGIN (copyram))
 *(.TEST_DATA)
                0x0000000000200000                __TEST_DATA_END = .

.data           0x0000000000200000      0x930
                0x0000000000200000                __DATA_BEGIN__ = .
                0x00000000001c0000                __ROM_DATA_BEGIN__ = ((. - ORIGIN (dataram)) + ORIGIN (copyram))
 *(.data .data.* .gnu.linkonce.d.*)
 .data          0x0000000000200000        0x0 /tmp/cc5l4D6M.o
 .data          0x0000000000200000        0x0 /tmp/ccb6WKhV.o
 .data          0x0000000000200000        0x0 /tmp/ccH6cRI3.o
 .data          0x0000000000200000        0x0 /tmp/ccHpjlcc.o
 .data          0x0000000000200000        0x0 /tmp/cc3Fa9Gk.o
 .data          0x0000000000200000        0x0 /tmp/ccDe0Met.o
 .data          0x0000000000200000        0x0 /tmp/ccxzDDTB.o
 .data          0x0000000000200000      0x100 /tmp/ccLTPeBK.o
 .data          0x0000000000200100        0x0 /tmp/ccRevulT.o
 .data          0x0000000000200100        0x0 /opt/riscv/riscv32-unknown-elf/lib/libc.a(lib_a-atexit.o)
 .data          0x0000000000200100        0x0 /opt/riscv/riscv32-unknown-elf/lib/libc.a(lib_a-exit.o)
 .data          0x0000000000200100        0x0 /opt/riscv/riscv32-unknown-elf/lib/libc.a(lib_a-fini.o)
 .data          0x0000000000200100      0x428 /opt/riscv/riscv32-unknown-elf/lib/libc.a(lib_a-impure.o)
 .data          0x0000000000200528        0x0 /opt/riscv/riscv32-unknown-elf/lib/libc.a(lib_a-init.o)
 .data          0x0000000000200528        0x0 /opt/riscv/riscv32-unknown-elf/lib/libc.a(lib_a-memcpy.o)
 .data          0x0000000000200528        0x0 /opt/riscv/riscv32-unknown-elf/lib/libc.a(lib_a-memset.o)
 .data          0x0000000000200528        0x0 /opt/riscv/riscv32-unknown-elf/lib/libc.a(lib_a-puts.o)
 .data          0x0000000000200528        0x0 /opt/riscv/riscv32-unknown-elf/lib/libc.a(lib_a-reent.o)
 .data          0x0000000000200528        0x0 /opt/riscv/riscv32-unknown-elf/lib/libc.a(lib_a-strlen.o)
 .data          0x0000000000200528        0x0 /opt/riscv/riscv32-unknown-elf/lib/libc.a(lib_a-__atexit.o)
 .data          0x0000000000200528        0x0 /opt/riscv/riscv32-unknown-elf/lib/libc.a(lib_a-__call_atexit.o)
 .data          0x0000000000200528        0x0 /opt/riscv/riscv32-unknown-elf/lib/libc.a(lib_a-findfp.o)
 .data          0x0000000000200528        0x0 /opt/riscv/riscv32-unknown-elf/lib/libc.a(lib_a-freer.o)
 .data          0x0000000000200528        0x0 /opt/riscv/riscv32-unknown-elf/lib/libc.a(lib_a-fvwrite.o)
 .data          0x0000000000200528        0x0 /opt/riscv/riscv32-unknown-elf/lib/libc.a(lib_a-fwalk.o)
 .data          0x0000000000200528      0x408 /opt/riscv/riscv32-unknown-elf/lib/libc.a(lib_a-mallocr.o)
                0x0000000000200528                __malloc_av_
 .data          0x0000000000200930        0x0 /opt/riscv/riscv32-unknown-elf/lib/libc.a(lib_a-memchr.o)
 .data          0x0000000000200930        0x0 /opt/riscv/riscv32-unknown-elf/lib/libc.a(lib_a-memmove.o)
 .data          0x0000000000200930        0x0 /opt/riscv/riscv32-unknown-elf/lib/libc.a(lib_a-mlock.o)
 .data          0x0000000000200930        0x0 /opt/riscv/riscv32-unknown-elf/lib/libc.a(lib_a-reallocr.o)
 .data          0x0000000000200930        0x0 /opt/riscv/riscv32-unknown-elf/lib/libc.a(lib_a-sbrkr.o)
 .data          0x0000000000200930        0x0 /opt/riscv/riscv32-unknown-elf/lib/libc.a(lib_a-stdio.o)
 .data          0x0000000000200930        0x0 /opt/riscv/riscv32-unknown-elf/lib/libc.a(lib_a-writer.o)
 .data          0x0000000000200930        0x0 /opt/riscv/riscv32-unknown-elf/lib/libc.a(lib_a-wsetup.o)
 .data          0x0000000000200930        0x0 /opt/riscv/riscv32-unknown-elf/lib/libc.a(lib_a-closer.o)
 .data          0x0000000000200930        0x0 /opt/riscv/riscv32-unknown-elf/lib/libc.a(lib_a-fclose.o)
 .data          0x0000000000200930        0x0 /opt/riscv/riscv32-unknown-elf/lib/libc.a(lib_a-fflush.o)
 .data          0x0000000000200930        0x0 /opt/riscv/riscv32-unknown-elf/lib/libc.a(lib_a-lseekr.o)
 .data          0x0000000000200930        0x0 /opt/riscv/riscv32-unknown-elf/lib/libc.a(lib_a-makebuf.o)
 .data          0x0000000000200930        0x0 /opt/riscv/riscv32-unknown-elf/lib/libc.a(lib_a-readr.o)
 .data          0x0000000000200930        0x0 /opt/riscv/riscv32-unknown-elf/lib/libc.a(lib_a-fstatr.o)
 .data          0x0000000000200930        0x0 /opt/riscv/riscv32-unknown-elf/lib/libc.a(lib_a-isattyr.o)
                0x0000000000200930                __DATA_END__ = .

.sdata          0x0000000000200930       0x14
                0x0000000000200930                __SDATA_BEGIN__ = .
                0x00000000001c0930                __ROM_SDATA_BEGIN__ = ((. - ORIGIN (dataram)) + ORIGIN (copyram))
 *(.srodata.cst16)
 *(.srodata.cst8)
 *(.srodata.cst4)
 *(.srodata.cst2)
 *(.srodata .srodata.*)
 *(.sdata .sdata.* .gnu.linkonce.s.*)
 .sdata         0x0000000000200930        0x4 /tmp/ccH6cRI3.o
 .sdata         0x0000000000200934        0x8 /opt/riscv/riscv32-unknown-elf/lib/libc.a(lib_a-impure.o)
                0x0000000000200934                _global_impure_ptr
                0x0000000000200938                _impure_ptr
 .sdata         0x000000000020093c        0x8 /opt/riscv/riscv32-unknown-elf/lib/libc.a(lib_a-mallocr.o)
                0x000000000020093c                __malloc_sbrk_base
                0x0000000000200940                __malloc_trim_threshold
                0x0000000000200944                __SDATA_END__ = .
                0x0000000000200944                _edata = .
                [!provide]                        PROVIDE (edata, .)
                0x0000000000200944                . = .
                0x0000000000200944                __bss_start = .

.sbss           0x0000000000200944        0xc
 *(.dynsbss)
 *(.sbss .sbss.* .gnu.linkonce.sb.*)
 .sbss          0x0000000000200944        0xc /opt/riscv/riscv32-unknown-elf/lib/libc.a(lib_a-mallocr.o)
                0x0000000000200944                __malloc_max_total_mem
                0x0000000000200948                __malloc_max_sbrked_mem
                0x000000000020094c                __malloc_top_pad
 *(.scommon)

.bss            0x0000000000200950       0x2c
 *(.dynbss)
 *(.bss .bss.* .gnu.linkonce.b.*)
 .bss           0x0000000000200950        0x0 /tmp/cc5l4D6M.o
 .bss           0x0000000000200950        0x0 /tmp/ccb6WKhV.o
 .bss           0x0000000000200950        0x0 /tmp/ccH6cRI3.o
 .bss           0x0000000000200950        0x0 /tmp/ccHpjlcc.o
 .bss           0x0000000000200950        0x0 /tmp/cc3Fa9Gk.o
 .bss           0x0000000000200950        0x0 /tmp/ccDe0Met.o
 .bss           0x0000000000200950        0x0 /tmp/ccxzDDTB.o
 .bss           0x0000000000200950        0x0 /tmp/ccLTPeBK.o
 .bss           0x0000000000200950        0x0 /tmp/ccRevulT.o
 .bss           0x0000000000200950        0x0 /opt/riscv/riscv32-unknown-elf/lib/libc.a(lib_a-atexit.o)
 .bss           0x0000000000200950        0x0 /opt/riscv/riscv32-unknown-elf/lib/libc.a(lib_a-exit.o)
 .bss           0x0000000000200950        0x0 /opt/riscv/riscv32-unknown-elf/lib/libc.a(lib_a-fini.o)
 .bss           0x0000000000200950        0x0 /opt/riscv/riscv32-unknown-elf/lib/libc.a(lib_a-impure.o)
 .bss           0x0000000000200950        0x0 /opt/riscv/riscv32-unknown-elf/lib/libc.a(lib_a-init.o)
 .bss           0x0000000000200950        0x0 /opt/riscv/riscv32-unknown-elf/lib/libc.a(lib_a-memcpy.o)
 .bss           0x0000000000200950        0x0 /opt/riscv/riscv32-unknown-elf/lib/libc.a(lib_a-memset.o)
 .bss           0x0000000000200950        0x0 /opt/riscv/riscv32-unknown-elf/lib/libc.a(lib_a-puts.o)
 .bss           0x0000000000200950        0x0 /opt/riscv/riscv32-unknown-elf/lib/libc.a(lib_a-reent.o)
 .bss           0x0000000000200950        0x0 /opt/riscv/riscv32-unknown-elf/lib/libc.a(lib_a-strlen.o)
 .bss           0x0000000000200950        0x0 /opt/riscv/riscv32-unknown-elf/lib/libc.a(lib_a-__atexit.o)
 .bss           0x0000000000200950        0x0 /opt/riscv/riscv32-unknown-elf/lib/libc.a(lib_a-__call_atexit.o)
 .bss           0x0000000000200950        0x0 /opt/riscv/riscv32-unknown-elf/lib/libc.a(lib_a-findfp.o)
 .bss           0x0000000000200950        0x0 /opt/riscv/riscv32-unknown-elf/lib/libc.a(lib_a-freer.o)
 .bss           0x0000000000200950        0x0 /opt/riscv/riscv32-unknown-elf/lib/libc.a(lib_a-fvwrite.o)
 .bss           0x0000000000200950        0x0 /opt/riscv/riscv32-unknown-elf/lib/libc.a(lib_a-fwalk.o)
 .bss           0x0000000000200950       0x28 /opt/riscv/riscv32-unknown-elf/lib/libc.a(lib_a-mallocr.o)
                0x0000000000200950                __malloc_current_mallinfo
 .bss           0x0000000000200978        0x0 /opt/riscv/riscv32-unknown-elf/lib/libc.a(lib_a-memchr.o)
 .bss           0x0000000000200978        0x0 /opt/riscv/riscv32-unknown-elf/lib/libc.a(lib_a-memmove.o)
 .bss           0x0000000000200978        0x0 /opt/riscv/riscv32-unknown-elf/lib/libc.a(lib_a-mlock.o)
 .bss           0x0000000000200978        0x0 /opt/riscv/riscv32-unknown-elf/lib/libc.a(lib_a-reallocr.o)
 .bss           0x0000000000200978        0x0 /opt/riscv/riscv32-unknown-elf/lib/libc.a(lib_a-sbrkr.o)
 .bss           0x0000000000200978        0x0 /opt/riscv/riscv32-unknown-elf/lib/libc.a(lib_a-stdio.o)
 .bss           0x0000000000200978        0x0 /opt/riscv/riscv32-unknown-elf/lib/libc.a(lib_a-writer.o)
 .bss           0x0000000000200978        0x0 /opt/riscv/riscv32-unknown-elf/lib/libc.a(lib_a-wsetup.o)
 .bss           0x0000000000200978        0x0 /opt/riscv/riscv32-unknown-elf/lib/libc.a(lib_a-closer.o)
 .bss           0x0000000000200978        0x0 /opt/riscv/riscv32-unknown-elf/lib/libc.a(lib_a-fclose.o)
 .bss           0x0000000000200978        0x0 /opt/riscv/riscv32-unknown-elf/lib/libc.a(lib_a-fflush.o)
 .bss           0x0000000000200978        0x0 /opt/riscv/riscv32-unknown-elf/lib/libc.a(lib_a-lseekr.o)
 .bss           0x0000000000200978        0x0 /opt/riscv/riscv32-unknown-elf/lib/libc.a(lib_a-makebuf.o)
 .bss           0x0000000000200978        0x0 /opt/riscv/riscv32-unknown-elf/lib/libc.a(lib_a-readr.o)
 .bss           0x0000000000200978        0x0 /opt/riscv/riscv32-unknown-elf/lib/libc.a(lib_a-fstatr.o)
 .bss           0x0000000000200978        0x0 /opt/riscv/riscv32-unknown-elf/lib/libc.a(lib_a-isattyr.o)
 *(COMMON)
 COMMON         0x0000000000200978        0x4 /opt/riscv/riscv32-unknown-elf/lib/libc.a(lib_a-reent.o)
                0x0000000000200978                errno
                0x000000000020097c                . = ALIGN ((. != 0x0)?0x4:0x1)
                0x000000000020097c                . = ALIGN (0x4)
                0x000000000020097c                . = SEGMENT_START ("ldata-segment", .)
                0x000000000020097c                . = ALIGN (0x4)
                0x000000000020097c                __BSS_END__ = .
                0x000000000020097c                __bss_end = .
                0x0000000000200800                __global_pointer$ = MIN ((__SDATA_BEGIN__ + 0x800), MAX ((__DATA_BEGIN__ + 0x800), (__BSS_END__ - 0x800)))
                0x000000000020097c                _end = .
                [!provide]                        PROVIDE (end, .)
                0x000000000020097c                . = DATA_SEGMENT_END (.)

.heap           0x000000000020097c      0x400
                0x000000000020097c                PROVIDE (__heap_start, .)
                0x0000000000000400                . = __heap_size
 *fill*         0x000000000020097c      0x400 
                0x0000000000200d7c                PROVIDE (__heap_end, .)

.stack          0x0000000000200d80      0x400
                [!provide]                        PROVIDE (__stack_start, .)
                0x0000000000000400                . = __stack_size
 *fill*         0x0000000000200d80      0x400 
                0x0000000000201180                PROVIDE (_sp, .)
                [!provide]                        PROVIDE (__stack_end, .)

.stab
 *(.stab)

.stabstr
 *(.stabstr)

.stab.excl
 *(.stab.excl)

.stab.exclstr
 *(.stab.exclstr)

.stab.index
 *(.stab.index)

.stab.indexstr
 *(.stab.indexstr)

.comment        0x0000000000000000       0x1a
 *(.comment)
 .comment       0x0000000000000000       0x1a /tmp/ccb6WKhV.o
                                         0x1b (size before relaxing)
 .comment       0x000000000000001a       0x1b /tmp/ccH6cRI3.o
 .comment       0x000000000000001a       0x1b /opt/riscv/riscv32-unknown-elf/lib/libc.a(lib_a-atexit.o)
 .comment       0x000000000000001a       0x1b /opt/riscv/riscv32-unknown-elf/lib/libc.a(lib_a-exit.o)
 .comment       0x000000000000001a       0x1b /opt/riscv/riscv32-unknown-elf/lib/libc.a(lib_a-fini.o)
 .comment       0x000000000000001a       0x1b /opt/riscv/riscv32-unknown-elf/lib/libc.a(lib_a-impure.o)
 .comment       0x000000000000001a       0x1b /opt/riscv/riscv32-unknown-elf/lib/libc.a(lib_a-init.o)
 .comment       0x000000000000001a       0x1b /opt/riscv/riscv32-unknown-elf/lib/libc.a(lib_a-memcpy.o)
 .comment       0x000000000000001a       0x1b /opt/riscv/riscv32-unknown-elf/lib/libc.a(lib_a-puts.o)
 .comment       0x000000000000001a       0x1b /opt/riscv/riscv32-unknown-elf/lib/libc.a(lib_a-reent.o)
 .comment       0x000000000000001a       0x1b /opt/riscv/riscv32-unknown-elf/lib/libc.a(lib_a-strlen.o)
 .comment       0x000000000000001a       0x1b /opt/riscv/riscv32-unknown-elf/lib/libc.a(lib_a-__atexit.o)
 .comment       0x000000000000001a       0x1b /opt/riscv/riscv32-unknown-elf/lib/libc.a(lib_a-__call_atexit.o)
 .comment       0x000000000000001a       0x1b /opt/riscv/riscv32-unknown-elf/lib/libc.a(lib_a-findfp.o)
 .comment       0x000000000000001a       0x1b /opt/riscv/riscv32-unknown-elf/lib/libc.a(lib_a-freer.o)
 .comment       0x000000000000001a       0x1b /opt/riscv/riscv32-unknown-elf/lib/libc.a(lib_a-fvwrite.o)
 .comment       0x000000000000001a       0x1b /opt/riscv/riscv32-unknown-elf/lib/libc.a(lib_a-fwalk.o)
 .comment       0x000000000000001a       0x1b /opt/riscv/riscv32-unknown-elf/lib/libc.a(lib_a-mallocr.o)
 .comment       0x000000000000001a       0x1b /opt/riscv/riscv32-unknown-elf/lib/libc.a(lib_a-memchr.o)
 .comment       0x000000000000001a       0x1b /opt/riscv/riscv32-unknown-elf/lib/libc.a(lib_a-memmove.o)
 .comment       0x000000000000001a       0x1b /opt/riscv/riscv32-unknown-elf/lib/libc.a(lib_a-mlock.o)
 .comment       0x000000000000001a       0x1b /opt/riscv/riscv32-unknown-elf/lib/libc.a(lib_a-reallocr.o)
 .comment       0x000000000000001a       0x1b /opt/riscv/riscv32-unknown-elf/lib/libc.a(lib_a-sbrkr.o)
 .comment       0x000000000000001a       0x1b /opt/riscv/riscv32-unknown-elf/lib/libc.a(lib_a-stdio.o)
 .comment       0x000000000000001a       0x1b /opt/riscv/riscv32-unknown-elf/lib/libc.a(lib_a-writer.o)
 .comment       0x000000000000001a       0x1b /opt/riscv/riscv32-unknown-elf/lib/libc.a(lib_a-wsetup.o)
 .comment       0x000000000000001a       0x1b /opt/riscv/riscv32-unknown-elf/lib/libc.a(lib_a-closer.o)
 .comment       0x000000000000001a       0x1b /opt/riscv/riscv32-unknown-elf/lib/libc.a(lib_a-fclose.o)
 .comment       0x000000000000001a       0x1b /opt/riscv/riscv32-unknown-elf/lib/libc.a(lib_a-fflush.o)
 .comment       0x000000000000001a       0x1b /opt/riscv/riscv32-unknown-elf/lib/libc.a(lib_a-lseekr.o)
 .comment       0x000000000000001a       0x1b /opt/riscv/riscv32-unknown-elf/lib/libc.a(lib_a-makebuf.o)
 .comment       0x000000000000001a       0x1b /opt/riscv/riscv32-unknown-elf/lib/libc.a(lib_a-readr.o)
 .comment       0x000000000000001a       0x1b /opt/riscv/riscv32-unknown-elf/lib/libc.a(lib_a-fstatr.o)
 .comment       0x000000000000001a       0x1b /opt/riscv/riscv32-unknown-elf/lib/libc.a(lib_a-isattyr.o)

.Pulp_Chip.Info
                0x0000000000000000       0x4e
 .Pulp_Chip.Info
                0x0000000000000000       0x4e /tmp/cc5l4D6M.o
 .Pulp_Chip.Info
                0x000000000000004e        0x0 /tmp/ccb6WKhV.o
 .Pulp_Chip.Info
                0x000000000000004e        0x0 /tmp/ccH6cRI3.o
 .Pulp_Chip.Info
                0x000000000000004e        0x0 /tmp/ccHpjlcc.o
 .Pulp_Chip.Info
                0x000000000000004e        0x0 /tmp/cc3Fa9Gk.o
 .Pulp_Chip.Info
                0x000000000000004e        0x0 /tmp/ccDe0Met.o
 .Pulp_Chip.Info
                0x000000000000004e        0x0 /tmp/ccxzDDTB.o
 .Pulp_Chip.Info
                0x000000000000004e        0x0 /tmp/ccLTPeBK.o
 .Pulp_Chip.Info
                0x000000000000004e        0x0 /tmp/ccRevulT.o
 .Pulp_Chip.Info
                0x000000000000004e        0x0 /opt/riscv/riscv32-unknown-elf/lib/libc.a(lib_a-atexit.o)
 .Pulp_Chip.Info
                0x000000000000004e        0x0 /opt/riscv/riscv32-unknown-elf/lib/libc.a(lib_a-exit.o)
 .Pulp_Chip.Info
                0x000000000000004e        0x0 /opt/riscv/riscv32-unknown-elf/lib/libc.a(lib_a-fini.o)
 .Pulp_Chip.Info
                0x000000000000004e        0x0 /opt/riscv/riscv32-unknown-elf/lib/libc.a(lib_a-impure.o)
 .Pulp_Chip.Info
                0x000000000000004e        0x0 /opt/riscv/riscv32-unknown-elf/lib/libc.a(lib_a-init.o)
 .Pulp_Chip.Info
                0x000000000000004e        0x0 /opt/riscv/riscv32-unknown-elf/lib/libc.a(lib_a-memcpy.o)
 .Pulp_Chip.Info
                0x000000000000004e        0x0 /opt/riscv/riscv32-unknown-elf/lib/libc.a(lib_a-memset.o)
 .Pulp_Chip.Info
                0x000000000000004e        0x0 /opt/riscv/riscv32-unknown-elf/lib/libc.a(lib_a-puts.o)
 .Pulp_Chip.Info
                0x000000000000004e        0x0 /opt/riscv/riscv32-unknown-elf/lib/libc.a(lib_a-reent.o)
 .Pulp_Chip.Info
                0x000000000000004e        0x0 /opt/riscv/riscv32-unknown-elf/lib/libc.a(lib_a-strlen.o)
 .Pulp_Chip.Info
                0x000000000000004e        0x0 /opt/riscv/riscv32-unknown-elf/lib/libc.a(lib_a-__atexit.o)
 .Pulp_Chip.Info
                0x000000000000004e        0x0 /opt/riscv/riscv32-unknown-elf/lib/libc.a(lib_a-__call_atexit.o)
 .Pulp_Chip.Info
                0x000000000000004e        0x0 /opt/riscv/riscv32-unknown-elf/lib/libc.a(lib_a-findfp.o)
 .Pulp_Chip.Info
                0x000000000000004e        0x0 /opt/riscv/riscv32-unknown-elf/lib/libc.a(lib_a-freer.o)
 .Pulp_Chip.Info
                0x000000000000004e        0x0 /opt/riscv/riscv32-unknown-elf/lib/libc.a(lib_a-fvwrite.o)
 .Pulp_Chip.Info
                0x000000000000004e        0x0 /opt/riscv/riscv32-unknown-elf/lib/libc.a(lib_a-fwalk.o)
 .Pulp_Chip.Info
                0x000000000000004e        0x0 /opt/riscv/riscv32-unknown-elf/lib/libc.a(lib_a-mallocr.o)
 .Pulp_Chip.Info
                0x000000000000004e        0x0 /opt/riscv/riscv32-unknown-elf/lib/libc.a(lib_a-memchr.o)
 .Pulp_Chip.Info
                0x000000000000004e        0x0 /opt/riscv/riscv32-unknown-elf/lib/libc.a(lib_a-memmove.o)
 .Pulp_Chip.Info
                0x000000000000004e        0x0 /opt/riscv/riscv32-unknown-elf/lib/libc.a(lib_a-mlock.o)
 .Pulp_Chip.Info
                0x000000000000004e        0x0 /opt/riscv/riscv32-unknown-elf/lib/libc.a(lib_a-reallocr.o)
 .Pulp_Chip.Info
                0x000000000000004e        0x0 /opt/riscv/riscv32-unknown-elf/lib/libc.a(lib_a-sbrkr.o)
 .Pulp_Chip.Info
                0x000000000000004e        0x0 /opt/riscv/riscv32-unknown-elf/lib/libc.a(lib_a-stdio.o)
 .Pulp_Chip.Info
                0x000000000000004e        0x0 /opt/riscv/riscv32-unknown-elf/lib/libc.a(lib_a-writer.o)
 .Pulp_Chip.Info
                0x000000000000004e        0x0 /opt/riscv/riscv32-unknown-elf/lib/libc.a(lib_a-wsetup.o)
 .Pulp_Chip.Info
                0x000000000000004e        0x0 /opt/riscv/riscv32-unknown-elf/lib/libc.a(lib_a-closer.o)
 .Pulp_Chip.Info
                0x000000000000004e        0x0 /opt/riscv/riscv32-unknown-elf/lib/libc.a(lib_a-fclose.o)
 .Pulp_Chip.Info
                0x000000000000004e        0x0 /opt/riscv/riscv32-unknown-elf/lib/libc.a(lib_a-fflush.o)
 .Pulp_Chip.Info
                0x000000000000004e        0x0 /opt/riscv/riscv32-unknown-elf/lib/libc.a(lib_a-lseekr.o)
 .Pulp_Chip.Info
                0x000000000000004e        0x0 /opt/riscv/riscv32-unknown-elf/lib/libc.a(lib_a-makebuf.o)
 .Pulp_Chip.Info
                0x000000000000004e        0x0 /opt/riscv/riscv32-unknown-elf/lib/libc.a(lib_a-readr.o)
 .Pulp_Chip.Info
                0x000000000000004e        0x0 /opt/riscv/riscv32-unknown-elf/lib/libc.a(lib_a-fstatr.o)
 .Pulp_Chip.Info
                0x000000000000004e        0x0 /opt/riscv/riscv32-unknown-elf/lib/libc.a(lib_a-isattyr.o)

.debug
 *(.debug)

.line
 *(.line)

.debug_srcinfo
 *(.debug_srcinfo)

.debug_sfnames
 *(.debug_sfnames)

.debug_aranges  0x0000000000000000      0x128
 *(.debug_aranges)
 .debug_aranges
                0x0000000000000000       0x20 /tmp/cc5l4D6M.o
 .debug_aranges
                0x0000000000000020       0x20 /tmp/ccb6WKhV.o
 .debug_aranges
                0x0000000000000040       0x20 /tmp/ccH6cRI3.o
 .debug_aranges
                0x0000000000000060       0x28 /tmp/ccHpjlcc.o
 .debug_aranges
                0x0000000000000088       0x20 /tmp/cc3Fa9Gk.o
 .debug_aranges
                0x00000000000000a8       0x20 /tmp/ccDe0Met.o
 .debug_aranges
                0x00000000000000c8       0x20 /tmp/ccxzDDTB.o
 .debug_aranges
                0x00000000000000e8       0x20 /tmp/ccLTPeBK.o
 .debug_aranges
                0x0000000000000108       0x20 /tmp/ccRevulT.o

.debug_pubnames
 *(.debug_pubnames)

.debug_info     0x0000000000000000     0x1f7b
 *(.debug_info .gnu.linkonce.wi.*)
 .debug_info    0x0000000000000000       0x6c /tmp/cc5l4D6M.o
 .debug_info    0x000000000000006c      0x95f /tmp/ccb6WKhV.o
 .debug_info    0x00000000000009cb     0x1318 /tmp/ccH6cRI3.o
 .debug_info    0x0000000000001ce3       0x6b /tmp/ccHpjlcc.o
 .debug_info    0x0000000000001d4e       0x77 /tmp/cc3Fa9Gk.o
 .debug_info    0x0000000000001dc5       0x6b /tmp/ccDe0Met.o
 .debug_info    0x0000000000001e30       0x6b /tmp/ccxzDDTB.o
 .debug_info    0x0000000000001e9b       0x6a /tmp/ccLTPeBK.o
 .debug_info    0x0000000000001f05       0x76 /tmp/ccRevulT.o

.debug_abbrev   0x0000000000000000      0x598
 *(.debug_abbrev)
 .debug_abbrev  0x0000000000000000       0x14 /tmp/cc5l4D6M.o
 .debug_abbrev  0x0000000000000014      0x1ec /tmp/ccb6WKhV.o
 .debug_abbrev  0x0000000000000200      0x322 /tmp/ccH6cRI3.o
 .debug_abbrev  0x0000000000000522       0x12 /tmp/ccHpjlcc.o
 .debug_abbrev  0x0000000000000534       0x14 /tmp/cc3Fa9Gk.o
 .debug_abbrev  0x0000000000000548       0x14 /tmp/ccDe0Met.o
 .debug_abbrev  0x000000000000055c       0x14 /tmp/ccxzDDTB.o
 .debug_abbrev  0x0000000000000570       0x14 /tmp/ccLTPeBK.o
 .debug_abbrev  0x0000000000000584       0x14 /tmp/ccRevulT.o

.debug_line     0x0000000000000000    0x12033
 *(.debug_line .debug_line.* .debug_line_end)
 .debug_line    0x0000000000000000      0x1c9 /tmp/cc5l4D6M.o
 .debug_line    0x00000000000001c9      0x103 /tmp/ccb6WKhV.o
 .debug_line    0x00000000000002cc      0x3e9 /tmp/ccH6cRI3.o
 .debug_line    0x00000000000006b5      0x1b2 /tmp/ccHpjlcc.o
 .debug_line    0x0000000000000867      0x274 /tmp/cc3Fa9Gk.o
 .debug_line    0x0000000000000adb     0xbd24 /tmp/ccDe0Met.o
 .debug_line    0x000000000000c7ff     0x2232 /tmp/ccxzDDTB.o
 .debug_line    0x000000000000ea31     0x34ad /tmp/ccLTPeBK.o
 .debug_line    0x0000000000011ede      0x155 /tmp/ccRevulT.o

.debug_frame    0x0000000000000000      0x250
 *(.debug_frame)
 .debug_frame   0x0000000000000000       0x20 /tmp/ccb6WKhV.o
 .debug_frame   0x0000000000000020      0x230 /tmp/ccH6cRI3.o

.debug_str      0x0000000000000000      0x7c1
 *(.debug_str)
 .debug_str     0x0000000000000000      0x4b2 /tmp/ccb6WKhV.o
                                        0x51a (size before relaxing)
 .debug_str     0x00000000000004b2      0x30f /tmp/ccH6cRI3.o
                                        0x8b8 (size before relaxing)

.debug_loc      0x0000000000000000      0x440
 *(.debug_loc)
 .debug_loc     0x0000000000000000       0x21 /tmp/ccb6WKhV.o
 .debug_loc     0x0000000000000021      0x41f /tmp/ccH6cRI3.o

.debug_macinfo
 *(.debug_macinfo)

.debug_weaknames
 *(.debug_weaknames)

.debug_funcnames
 *(.debug_funcnames)

.debug_typenames
 *(.debug_typenames)

.debug_varnames
 *(.debug_varnames)

.debug_pubtypes
 *(.debug_pubtypes)

.debug_ranges   0x0000000000000000       0x30
 *(.debug_ranges)
 .debug_ranges  0x0000000000000000       0x10 /tmp/ccb6WKhV.o
 .debug_ranges  0x0000000000000010       0x20 /tmp/ccHpjlcc.o

.debug_macro
 *(.debug_macro)

.debug_addr
 *(.debug_addr)

.gnu.attributes
 *(.gnu.attributes)

/DISCARD/
 *(.note.GNU-stack)
 *(.gnu_debuglink)
 *(.gnu.lto_*)
OUTPUT(sbst.elf elf32-littleriscv)
